../src/lpc17xx_uart.c:67:15:uart_set_divisors	152	static
../src/lpc17xx_uart.c:197:6:UART_Init	24	static
../src/lpc17xx_uart.c:403:6:UART_DeInit	16	static
../src/lpc17xx_uart.c:453:6:UART_ConfigStructInit	16	static
../src/lpc17xx_uart.c:472:6:UART_SendByte	16	static
../src/lpc17xx_uart.c:497:9:UART_ReceiveByte	16	static
../src/lpc17xx_uart.c:527:10:UART_Send	48	static
../src/lpc17xx_uart.c:592:10:UART_Receive	48	static
../src/lpc17xx_uart.c:643:6:UART_ForceBreak	16	static
../src/lpc17xx_uart.c:680:6:UART_IntConfig	24	static
../src/lpc17xx_uart.c:761:9:UART_GetLineStatus	16	static
../src/lpc17xx_uart.c:784:10:UART_GetIntId	16	static
../src/lpc17xx_uart.c:799:12:UART_CheckBusy	16	static
../src/lpc17xx_uart.c:820:6:UART_FIFOConfig	24	static
../src/lpc17xx_uart.c:884:6:UART_FIFOConfigStructInit	16	static
../src/lpc17xx_uart.c:910:6:UART_ABCmd	32	static
../src/lpc17xx_uart.c:978:6:UART_ABClearIntPending	16	static
../src/lpc17xx_uart.c:1001:6:UART_TxCmd	16	static
../src/lpc17xx_uart.c:1043:6:UART_IrDAInvtInputCmd	16	static
../src/lpc17xx_uart.c:1067:6:UART_IrDACmd	16	static
../src/lpc17xx_uart.c:1099:6:UART_IrDAPulseDivConfig	24	static
../src/lpc17xx_uart.c:1129:6:UART_FullModemForcePinState	24	static
../src/lpc17xx_uart.c:1169:6:UART_FullModemConfigMode	24	static
../src/lpc17xx_uart.c:1215:9:UART_FullModemGetStatus	16	static
../src/lpc17xx_uart.c:1233:6:UART_RS485Config	24	static
../src/lpc17xx_uart.c:1305:6:UART_RS485ReceiverCmd	16	static
../src/lpc17xx_uart.c:1322:10:UART_RS485Send	32	static
../src/lpc17xx_uart.c:1348:6:UART_RS485SendSlvAddr	16	static
../src/lpc17xx_uart.c:1360:10:UART_RS485SendData	24	static
../src/lpc17xx_uart.c:1381:10:UART_SendString	16	static
