Archive member included to satisfy reference by file (symbol)

C:\Users\254860\Documents\Lib_CMSISv1p30_LPC17xx\Debug\libCMSISv1p30_LPC17xx.a(system_LPC17xx.o)
                              ./src/main.o (SystemCoreClock)
C:\Users\254860\Documents\Lib_EaBaseBoard\Debug\libLib_EaBaseBoard.a(eeprom.o)
                              ./src/eeprom_memory/eeprom_memory.o (eeprom_init)
C:\Users\254860\Documents\Lib_EaBaseBoard\Debug\libLib_EaBaseBoard.a(light.o)
                              ./src/light_sensor/light_sensor.o (light_init)
C:\Users\254860\Documents\Lib_EaBaseBoard\Debug\libLib_EaBaseBoard.a(oled.o)
                              ./src/main.o (oled_init)
C:\Users\254860\Documents\Lib_EaBaseBoard\Debug\libLib_EaBaseBoard.a(pca9532.o)
                              ./src/led_bar/led_bar.o (pca9532_init)
C:\Users\254860\Documents\Lib_EaBaseBoard\Debug\libLib_EaBaseBoard.a(font5x7.o)
                              C:\Users\254860\Documents\Lib_EaBaseBoard\Debug\libLib_EaBaseBoard.a(oled.o) (font5x7)
C:\Users\254860\Documents\Lib_MCU\Debug\libLib_MCU.a(lpc17xx_dac.o)
                              ./src/audio/audio.o (DAC_Init)
C:\Users\254860\Documents\Lib_MCU\Debug\libLib_MCU.a(lpc17xx_gpio.o)
                              ./src/main.o (GPIO_SetDir)
C:\Users\254860\Documents\Lib_MCU\Debug\libLib_MCU.a(lpc17xx_i2c.o)
                              ./src/led_bar/led_bar.o (I2C_Init)
C:\Users\254860\Documents\Lib_MCU\Debug\libLib_MCU.a(lpc17xx_pinsel.o)
                              ./src/spi/spi_setup.o (PINSEL_ConfigPin)
C:\Users\254860\Documents\Lib_MCU\Debug\libLib_MCU.a(lpc17xx_rtc.o)
                              ./src/rtc_clock/rtc_clock.o (RTC_Init)
C:\Users\254860\Documents\Lib_MCU\Debug\libLib_MCU.a(lpc17xx_ssp.o)
                              ./src/spi/spi_setup.o (SSP_Init)
C:\Users\254860\Documents\Lib_MCU\Debug\libLib_MCU.a(lpc17xx_timer.o)
                              ./src/audio/audio.o (Timer0_Wait)
C:\Users\254860\Documents\Lib_MCU\Debug\libLib_MCU.a(lpc17xx_clkpwr.o)
                              C:\Users\254860\Documents\Lib_MCU\Debug\libLib_MCU.a(lpc17xx_i2c.o) (CLKPWR_SetPCLKDiv)
c:/nxp/mcuxpressoide_11.9.1_2170/ide/plugins/com.nxp.mcuxpresso.tools.win32_11.9.1.202402080819/tools/bin/../lib/gcc/arm-none-eabi/12.3.1/thumb/v7-m/nofp\libgcc.a(_aeabi_uldivmod.o)
                              C:\Users\254860\Documents\Lib_CMSISv1p30_LPC17xx\Debug\libCMSISv1p30_LPC17xx.a(system_LPC17xx.o) (__aeabi_uldivmod)
c:/nxp/mcuxpressoide_11.9.1_2170/ide/plugins/com.nxp.mcuxpresso.tools.win32_11.9.1.202402080819/tools/bin/../lib/gcc/arm-none-eabi/12.3.1/thumb/v7-m/nofp\libgcc.a(_udivmoddi4.o)
                              c:/nxp/mcuxpressoide_11.9.1_2170/ide/plugins/com.nxp.mcuxpresso.tools.win32_11.9.1.202402080819/tools/bin/../lib/gcc/arm-none-eabi/12.3.1/thumb/v7-m/nofp\libgcc.a(_aeabi_uldivmod.o) (__udivmoddi4)
c:/nxp/mcuxpressoide_11.9.1_2170/ide/plugins/com.nxp.mcuxpresso.tools.win32_11.9.1.202402080819/tools/bin/../lib/gcc/arm-none-eabi/12.3.1/thumb/v7-m/nofp\libgcc.a(_dvmd_tls.o)
                              c:/nxp/mcuxpressoide_11.9.1_2170/ide/plugins/com.nxp.mcuxpresso.tools.win32_11.9.1.202402080819/tools/bin/../lib/gcc/arm-none-eabi/12.3.1/thumb/v7-m/nofp\libgcc.a(_aeabi_uldivmod.o) (__aeabi_ldiv0)
c:/nxp/mcuxpressoide_11.9.1_2170/ide/plugins/com.nxp.mcuxpresso.tools.win32_11.9.1.202402080819/tools/bin/../lib/gcc/arm-none-eabi/12.3.1/thumb/v7-m/nofp\libc.a(libc_a-sprintf.o)
                              ./src/main.o (sprintf)
c:/nxp/mcuxpressoide_11.9.1_2170/ide/plugins/com.nxp.mcuxpresso.tools.win32_11.9.1.202402080819/tools/bin/../lib/gcc/arm-none-eabi/12.3.1/thumb/v7-m/nofp\libc.a(libc_a-memset.o)
                              C:\Users\254860\Documents\Lib_EaBaseBoard\Debug\libLib_EaBaseBoard.a(oled.o) (memset)
c:/nxp/mcuxpressoide_11.9.1_2170/ide/plugins/com.nxp.mcuxpresso.tools.win32_11.9.1.202402080819/tools/bin/../lib/gcc/arm-none-eabi/12.3.1/thumb/v7-m/nofp\libc.a(libc_a-impure.o)
                              c:/nxp/mcuxpressoide_11.9.1_2170/ide/plugins/com.nxp.mcuxpresso.tools.win32_11.9.1.202402080819/tools/bin/../lib/gcc/arm-none-eabi/12.3.1/thumb/v7-m/nofp\libc.a(libc_a-sprintf.o) (_impure_ptr)
c:/nxp/mcuxpressoide_11.9.1_2170/ide/plugins/com.nxp.mcuxpresso.tools.win32_11.9.1.202402080819/tools/bin/../lib/gcc/arm-none-eabi/12.3.1/thumb/v7-m/nofp\libc.a(libc_a-memcpy.o)
                              C:\Users\254860\Documents\Lib_EaBaseBoard\Debug\libLib_EaBaseBoard.a(eeprom.o) (memcpy)
c:/nxp/mcuxpressoide_11.9.1_2170/ide/plugins/com.nxp.mcuxpresso.tools.win32_11.9.1.202402080819/tools/bin/../lib/gcc/arm-none-eabi/12.3.1/thumb/v7-m/nofp\libc.a(libc_a-svfprintf.o)
                              c:/nxp/mcuxpressoide_11.9.1_2170/ide/plugins/com.nxp.mcuxpresso.tools.win32_11.9.1.202402080819/tools/bin/../lib/gcc/arm-none-eabi/12.3.1/thumb/v7-m/nofp\libc.a(libc_a-sprintf.o) (_svfprintf_r)
[...]
Memory Configuration

Name             Origin             Length             Attributes
MFlash512        0x00000000         0x00080000         xr
RamLoc32         0x10000000         0x00008000         xrw
RamAHB32         0x2007c000         0x00008000         xrw
*default*        0x00000000         0xffffffff

Linker script and memory map

LOAD ./src/timer/timer_utils.o
LOAD ./src/startup/cr_startup_lpc17.o
LOAD ./src/spi/spi_setup.o
LOAD ./src/rtc_clock/rtc_clock.o
LOAD ./src/light_sensor/light_sensor.o
LOAD ./src/led_bar/led_bar.o
LOAD ./src/eeprom_memory/eeprom_memory.o
LOAD ./src/audio/audio.o
LOAD ./src/main.o
LOAD C:\Users\254860\Documents\Lib_CMSISv1p30_LPC17xx\Debug\libCMSISv1p30_LPC17xx.a
LOAD C:\Users\254860\Documents\Lib_EaBaseBoard\Debug\libLib_EaBaseBoard.a
LOAD C:\Users\254860\Documents\Lib_MCU\Debug\libLib_MCU.a
START GROUP
LOAD c:/nxp/mcuxpressoide_11.9.1_2170/ide/plugins/com.nxp.mcuxpresso.tools.win32_11.9.1.202402080819/tools/bin/../lib/gcc/arm-none-eabi/12.3.1/thumb/v7-m/nofp\libgcc.a
LOAD c:/nxp/mcuxpressoide_11.9.1_2170/ide/plugins/com.nxp.mcuxpresso.tools.win32_11.9.1.202402080819/tools/bin/../lib/gcc/arm-none-eabi/12.3.1/thumb/v7-m/nofp\libc.a
LOAD c:/nxp/mcuxpressoide_11.9.1_2170/ide/plugins/com.nxp.mcuxpresso.tools.win32_11.9.1.202402080819/tools/bin/../lib/gcc/arm-none-eabi/12.3.1/thumb/v7-m/nofp\libm.a
LOAD c:/nxp/mcuxpressoide_11.9.1_2170/ide/plugins/com.nxp.mcuxpresso.tools.win32_11.9.1.202402080819/tools/bin/../lib/gcc/arm-none-eabi/12.3.1/../../../../arm-none-eabi/lib/thumb/v7-m/nofp\libcr_newlib_semihost.a
END GROUP
                0x00000000                        __base_MFlash512 = 0x0
                0x00000000                        __base_Flash = 0x0
                0x00080000                        __top_MFlash512 = 0x80000
                0x00080000                        __top_Flash = 0x80000
                0x10000000                        __base_RamLoc32 = 0x10000000
                0x10000000                        __base_RAM = 0x10000000
                0x10008000                        __top_RamLoc32 = 0x10008000
                0x10008000                        __top_RAM = 0x10008000
                0x2007c000                        __base_RamAHB32 = 0x2007c000
                0x2007c000                        __base_RAM2 = 0x2007c000
                0x20084000                        __top_RamAHB32 = 0x20084000
                0x20084000                        __top_RAM2 = 0x20084000

.text           0x00000000     0xad20
 FILL mask 0xff
                0x00000000                        __vectors_start__ = ABSOLUTE (.)
 *(.isr_vector)
 .isr_vector    0x00000000       0xcc ./src/startup/cr_startup_lpc17.o
                0x00000000                g_pfnVectors
                0x000000cc                        . = ALIGN (0x4)
                0x000000cc                        __section_table_start = .
                0x000000cc                        __data_section_table = .
                0x000000cc        0x4 LONG 0xad28 LOADADDR (.data)
                0x000000d0        0x4 LONG 0x10000000 ADDR (.data)
                0x000000d4        0x4 LONG 0x6b8 SIZEOF (.data)
                0x000000d8        0x4 LONG 0xad28 LOADADDR (.data_RAM2)
                0x000000dc        0x4 LONG 0x2007c000 ADDR (.data_RAM2)
                0x000000e0        0x4 LONG 0x0 SIZEOF (.data_RAM2)
                0x000000e4                        __data_section_table_end = .
                0x000000e4                        __bss_section_table = .
                0x000000e4        0x4 LONG 0x100006b8 ADDR (.bss)
                0x000000e8        0x4 LONG 0x4fc SIZEOF (.bss)
                0x000000ec        0x4 LONG 0x2007c000 ADDR (.bss_RAM2)
                0x000000f0        0x4 LONG 0x0 SIZEOF (.bss_RAM2)
                0x000000f4                        __bss_section_table_end = .
                0x000000f4                        __section_table_end = .
 *(.after_vectors*)
 *(.text*)
 .text.SysTick_Handler
                0x000000f4       0x1c ./src/timer/timer_utils.o
                0x000000f4                SysTick_Handler
 .text.getTicks
                0x00000110       0x14 ./src/timer/timer_utils.o
                0x00000110                getTicks
 .text.ResetISR
                0x00000124       0x5c ./src/startup/cr_startup_lpc17.o
                0x00000124                ResetISR
 .text.NMI_Handler
                0x00000180        0x8 ./src/startup/cr_startup_lpc17.o
                0x00000180                NMI_Handler
 .text.HardFault_Handler
                0x00000188        0x8 ./src/startup/cr_startup_lpc17.o
                0x00000188                HardFault_Handler
 .text.MemManage_Handler
                0x00000190        0x8 ./src/startup/cr_startup_lpc17.o
                0x00000190                MemManage_Handler
 .text.BusFault_Handler
                0x00000198        0x8 ./src/startup/cr_startup_lpc17.o
                0x00000198                BusFault_Handler
 .text.UsageFault_Handler
                0x000001a0        0x8 ./src/startup/cr_startup_lpc17.o
                0x000001a0                UsageFault_Handler
 .text.SVCall_Handler
                0x000001a8        0x8 ./src/startup/cr_startup_lpc17.o
                0x000001a8                SVCall_Handler
 .text.DebugMon_Handler
                0x000001b0        0x8 ./src/startup/cr_startup_lpc17.o
                0x000001b0                DebugMon_Handler
 .text.PendSV_Handler
                0x000001b8        0x8 ./src/startup/cr_startup_lpc17.o
                0x000001b8                PendSV_Handler
 .text.IntDefaultHandler
                0x000001c0        0x8 ./src/startup/cr_startup_lpc17.o
                0x000001c0                TIMER2_IRQHandler
                0x000001c0                RIT_IRQHandler
                0x000001c0                I2C0_IRQHandler
                0x000001c0                USBActivity_IRQHandler
                0x000001c0                PWM1_IRQHandler
                0x000001c0                I2C1_IRQHandler
                0x000001c0                EINT2_IRQHandler
                0x000001c0                UART1_IRQHandler
                0x000001c0                EINT3_IRQHandler
                0x000001c0                CANActivity_IRQHandler
                0x000001c0                TIMER3_IRQHandler
                0x000001c0                UART0_IRQHandler
                0x000001c0                IntDefaultHandler
                0x000001c0                PLL0_IRQHandler
                0x000001c0                CAN_IRQHandler
                0x000001c0                PLL1_IRQHandler
                0x000001c0                SSP0_IRQHandler
                0x000001c0                I2S_IRQHandler
                0x000001c0                I2C2_IRQHandler
                0x000001c0                RTC_IRQHandler
                0x000001c0                TIMER0_IRQHandler
                0x000001c0                SPI_IRQHandler
                0x000001c0                EINT1_IRQHandler
                0x000001c0                TIMER1_IRQHandler
                0x000001c0                UART2_IRQHandler
                0x000001c0                ADC_IRQHandler
                0x000001c0                SSP1_IRQHandler
                0x000001c0                USB_IRQHandler
                0x000001c0                BOD_IRQHandler
                0x000001c0                WDT_IRQHandler
                0x000001c0                QEI_IRQHandler
                0x000001c0                EINT0_IRQHandler
                0x000001c0                DMA_IRQHandler
                0x000001c0                UART3_IRQHandler
                0x000001c0                MCPWM_IRQHandler
                0x000001c0                ENET_IRQHandler
 .text.init_ssp
                0x000001c8       0x78 ./src/spi/spi_setup.o
                0x000001c8                init_ssp
 .text.init_rtc
                0x00000240       0x3c ./src/rtc_clock/rtc_clock.o
                0x00000240                init_rtc
 .text.get_current_time
                0x0000027c       0x1c ./src/rtc_clock/rtc_clock.o
                0x0000027c                get_current_time
 .text.init_light_sensor
                0x00000298       0x10 ./src/light_sensor/light_sensor.o
                0x00000298                init_light_sensor
 .text.is_dark_mode
                0x000002a8       0x48 ./src/light_sensor/light_sensor.o
                0x000002a8                is_dark_mode
 .text.init_led_bar
                0x000002f0       0x54 ./src/led_bar/led_bar.o
                0x000002f0                init_led_bar
 .text.update_led_bar
                0x00000344       0x50 ./src/led_bar/led_bar.o
                0x00000344                update_led_bar
 .text.init_counter_memory
                0x00000394        0xc ./src/eeprom_memory/eeprom_memory.o
                0x00000394                init_counter_memory
 .text.load_saved_counter
                0x000003a0       0x2a ./src/eeprom_memory/eeprom_memory.o
                0x000003a0                load_saved_counter
 .text.save_counter
                0x000003ca       0x24 ./src/eeprom_memory/eeprom_memory.o
                0x000003ca                save_counter
 *fill*         0x000003ee        0x2 ff
 .text.init_audio
                0x000003f0       0x34 ./src/audio/audio.o
                0x000003f0                init_audio
 .text.playNote
                0x00000424       0x60 ./src/audio/audio.o
 .text.playSong
                0x00000484       0x66 ./src/audio/audio.o
                0x00000484                playSong
 *fill*         0x000004ea        0x2 ff
 .text.NVIC_SetPriority
                0x000004ec       0x54 ./src/main.o
 .text.SysTick_Config
                0x00000540       0x44 ./src/main.o
 .text.check_failed
                0x00000584        0xe ./src/main.o
                0x00000584                check_failed
 *fill*         0x00000592        0x2 ff
 .text.main     0x00000594      0x464 ./src/main.o
                0x00000594                main
 .text.SystemInit
                0x000009f8      0x140 C:\Users\254860\Documents\Lib_CMSISv1p30_LPC17xx\Debug\libCMSISv1p30_LPC17xx.a(system_LPC17xx.o)
                0x000009f8                SystemInit
 .text.I2CRead  0x00000b38       0x50 C:\Users\254860\Documents\Lib_EaBaseBoard\Debug\libLib_EaBaseBoard.a(eeprom.o)
 .text.I2CWrite
                0x00000b88       0x50 C:\Users\254860\Documents\Lib_EaBaseBoard\Debug\libLib_EaBaseBoard.a(eeprom.o)
 .text.eepromDelay
                0x00000bd8       0x2a C:\Users\254860\Documents\Lib_EaBaseBoard\Debug\libLib_EaBaseBoard.a(eeprom.o)
 .text.eeprom_init
                0x00000c02        0xc C:\Users\254860\Documents\Lib_EaBaseBoard\Debug\libLib_EaBaseBoard.a(eeprom.o)
                0x00000c02                eeprom_init
 .text.eeprom_read
                0x00000c0e       0x84 C:\Users\254860\Documents\Lib_EaBaseBoard\Debug\libLib_EaBaseBoard.a(eeprom.o)
                0x00000c0e                eeprom_read
 .text.eeprom_write
                0x00000c92       0xf4 C:\Users\254860\Documents\Lib_EaBaseBoard\Debug\libLib_EaBaseBoard.a(eeprom.o)
                0x00000c92                eeprom_write
 *fill*         0x00000d86        0x2 ff
 .text.I2CRead  0x00000d88       0x50 C:\Users\254860\Documents\Lib_EaBaseBoard\Debug\libLib_EaBaseBoard.a(light.o)
 .text.I2CWrite
                0x00000dd8       0x50 C:\Users\254860\Documents\Lib_EaBaseBoard\Debug\libLib_EaBaseBoard.a(light.o)
 .text.light_init
                0x00000e28        0xc C:\Users\254860\Documents\Lib_EaBaseBoard\Debug\libLib_EaBaseBoard.a(light.o)
                0x00000e28                light_init
 .text.light_enable
                0x00000e34       0x3c C:\Users\254860\Documents\Lib_EaBaseBoard\Debug\libLib_EaBaseBoard.a(light.o)
                0x00000e34                light_enable
 .text.light_read
                0x00000e70       0x74 C:\Users\254860\Documents\Lib_EaBaseBoard\Debug\libLib_EaBaseBoard.a(light.o)
                0x00000e70                light_read
 .text.writeCommand
                0x00000ee4       0x48 C:\Users\254860\Documents\Lib_EaBaseBoard\Debug\libLib_EaBaseBoard.a(oled.o)
 .text.writeData
                0x00000f2c       0x48 C:\Users\254860\Documents\Lib_EaBaseBoard\Debug\libLib_EaBaseBoard.a(oled.o)
 .text.writeDataLen
                0x00000f74       0x78 C:\Users\254860\Documents\Lib_EaBaseBoard\Debug\libLib_EaBaseBoard.a(oled.o)
 .text.runInitSequence
                0x00000fec       0xd4 C:\Users\254860\Documents\Lib_EaBaseBoard\Debug\libLib_EaBaseBoard.a(oled.o)
 .text.hLine    0x000010c0       0x58 C:\Users\254860\Documents\Lib_EaBaseBoard\Debug\libLib_EaBaseBoard.a(oled.o)
 .text.vLine    0x00001118       0x56 C:\Users\254860\Documents\Lib_EaBaseBoard\Debug\libLib_EaBaseBoard.a(oled.o)
 *fill*         0x0000116e        0x2 ff
 .text.oled_init
                0x00001170       0x74 C:\Users\254860\Documents\Lib_EaBaseBoard\Debug\libLib_EaBaseBoard.a(oled.o)
                0x00001170                oled_init
 .text.oled_putPixel
                0x000011e4      0x150 C:\Users\254860\Documents\Lib_EaBaseBoard\Debug\libLib_EaBaseBoard.a(oled.o)
                0x000011e4                oled_putPixel
 .text.oled_fillRect
                0x00001334       0x9e C:\Users\254860\Documents\Lib_EaBaseBoard\Debug\libLib_EaBaseBoard.a(oled.o)
                0x00001334                oled_fillRect
 *fill*         0x000013d2        0x2 ff
 .text.oled_clearScreen
                0x000013d4       0x64 C:\Users\254860\Documents\Lib_EaBaseBoard\Debug\libLib_EaBaseBoard.a(oled.o)
                0x000013d4                oled_clearScreen
 .text.oled_putChar
                0x00001438       0xd8 C:\Users\254860\Documents\Lib_EaBaseBoard\Debug\libLib_EaBaseBoard.a(oled.o)
                0x00001438                oled_putChar
 .text.oled_putString
                0x00001510       0x52 C:\Users\254860\Documents\Lib_EaBaseBoard\Debug\libLib_EaBaseBoard.a(oled.o)
                0x00001510                oled_putString
 *fill*         0x00001562        0x2 ff
 .text.I2CWrite
                0x00001564       0x50 C:\Users\254860\Documents\Lib_EaBaseBoard\Debug\libLib_EaBaseBoard.a(pca9532.o)
 .text.setLsStates
                0x000015b4       0xa6 C:\Users\254860\Documents\Lib_EaBaseBoard\Debug\libLib_EaBaseBoard.a(pca9532.o)
 *fill*         0x0000165a        0x2 ff
 .text.setLeds  0x0000165c       0x70 C:\Users\254860\Documents\Lib_EaBaseBoard\Debug\libLib_EaBaseBoard.a(pca9532.o)
 .text.pca9532_init
                0x000016cc        0xc C:\Users\254860\Documents\Lib_EaBaseBoard\Debug\libLib_EaBaseBoard.a(pca9532.o)
                0x000016cc                pca9532_init
 .text.pca9532_setLeds
                0x000016d8       0x80 C:\Users\254860\Documents\Lib_EaBaseBoard\Debug\libLib_EaBaseBoard.a(pca9532.o)
                0x000016d8                pca9532_setLeds
 .text.DAC_Init
                0x00001758       0x30 C:\Users\254860\Documents\Lib_MCU\Debug\libLib_MCU.a(lpc17xx_dac.o)
                0x00001758                DAC_Init
 .text.DAC_UpdateValue
                0x00001788       0x48 C:\Users\254860\Documents\Lib_MCU\Debug\libLib_MCU.a(lpc17xx_dac.o)
                0x00001788                DAC_UpdateValue
 .text.DAC_SetBias
                0x000017d0       0x48 C:\Users\254860\Documents\Lib_MCU\Debug\libLib_MCU.a(lpc17xx_dac.o)
                0x000017d0                DAC_SetBias
 .text.GPIO_GetPointer
                0x00001818       0x70 C:\Users\254860\Documents\Lib_MCU\Debug\libLib_MCU.a(lpc17xx_gpio.o)
 .text.GPIO_SetDir
                0x00001888       0x4a C:\Users\254860\Documents\Lib_MCU\Debug\libLib_MCU.a(lpc17xx_gpio.o)
                0x00001888                GPIO_SetDir
 .text.GPIO_SetValue
                0x000018d2       0x2a C:\Users\254860\Documents\Lib_MCU\Debug\libLib_MCU.a(lpc17xx_gpio.o)
                0x000018d2                GPIO_SetValue
 .text.GPIO_ClearValue
                0x000018fc       0x2a C:\Users\254860\Documents\Lib_MCU\Debug\libLib_MCU.a(lpc17xx_gpio.o)
                0x000018fc                GPIO_ClearValue
 .text.GPIO_ReadValue
                0x00001926       0x2a C:\Users\254860\Documents\Lib_MCU\Debug\libLib_MCU.a(lpc17xx_gpio.o)
                0x00001926                GPIO_ReadValue
 .text.NVIC_EnableIRQ
                0x00001950       0x30 C:\Users\254860\Documents\Lib_MCU\Debug\libLib_MCU.a(lpc17xx_i2c.o)
 .text.NVIC_DisableIRQ
                0x00001980       0x34 C:\Users\254860\Documents\Lib_MCU\Debug\libLib_MCU.a(lpc17xx_i2c.o)
 .text.I2C_getNum
                0x000019b4       0x48 C:\Users\254860\Documents\Lib_MCU\Debug\libLib_MCU.a(lpc17xx_i2c.o)
 .text.I2C_Start
                0x000019fc       0x3a C:\Users\254860\Documents\Lib_MCU\Debug\libLib_MCU.a(lpc17xx_i2c.o)
 .text.I2C_Stop
                0x00001a36       0x30 C:\Users\254860\Documents\Lib_MCU\Debug\libLib_MCU.a(lpc17xx_i2c.o)
 .text.I2C_SendByte
                0x00001a66       0x4a C:\Users\254860\Documents\Lib_MCU\Debug\libLib_MCU.a(lpc17xx_i2c.o)
 .text.I2C_GetByte
                0x00001ab0       0x52 C:\Users\254860\Documents\Lib_MCU\Debug\libLib_MCU.a(lpc17xx_i2c.o)
 *fill*         0x00001b02        0x2 ff
 .text.I2C_SetClock
                0x00001b04       0xa4 C:\Users\254860\Documents\Lib_MCU\Debug\libLib_MCU.a(lpc17xx_i2c.o)
 .text.I2C_Init
                0x00001ba8       0xa4 C:\Users\254860\Documents\Lib_MCU\Debug\libLib_MCU.a(lpc17xx_i2c.o)
                0x00001ba8                I2C_Init
 .text.I2C_Cmd  0x00001c4c       0x70 C:\Users\254860\Documents\Lib_MCU\Debug\libLib_MCU.a(lpc17xx_i2c.o)
                0x00001c4c                I2C_Cmd
 .text.I2C_IntCmd
                0x00001cbc       0x88 C:\Users\254860\Documents\Lib_MCU\Debug\libLib_MCU.a(lpc17xx_i2c.o)
                0x00001cbc                I2C_IntCmd
 .text.I2C_MasterTransferData
                0x00001d44      0x2e8 C:\Users\254860\Documents\Lib_MCU\Debug\libLib_MCU.a(lpc17xx_i2c.o)
                0x00001d44                I2C_MasterTransferData
 .text.set_PinFunc
                0x0000202c       0x80 C:\Users\254860\Documents\Lib_MCU\Debug\libLib_MCU.a(lpc17xx_pinsel.o)
 .text.set_ResistorMode
                0x000020ac       0x80 C:\Users\254860\Documents\Lib_MCU\Debug\libLib_MCU.a(lpc17xx_pinsel.o)
 .text.set_OpenDrainMode
                0x0000212c       0x68 C:\Users\254860\Documents\Lib_MCU\Debug\libLib_MCU.a(lpc17xx_pinsel.o)
 .text.PINSEL_ConfigPin
                0x00002194       0x46 C:\Users\254860\Documents\Lib_MCU\Debug\libLib_MCU.a(lpc17xx_pinsel.o)
                0x00002194                PINSEL_ConfigPin
 *fill*         0x000021da        0x2 ff
 .text.RTC_Init
                0x000021dc       0x50 C:\Users\254860\Documents\Lib_MCU\Debug\libLib_MCU.a(lpc17xx_rtc.o)
                0x000021dc                RTC_Init
 .text.RTC_ResetClockTickCounter
                0x0000222c       0x48 C:\Users\254860\Documents\Lib_MCU\Debug\libLib_MCU.a(lpc17xx_rtc.o)
                0x0000222c                RTC_ResetClockTickCounter
 .text.RTC_Cmd  0x00002274       0x68 C:\Users\254860\Documents\Lib_MCU\Debug\libLib_MCU.a(lpc17xx_rtc.o)
                0x00002274                RTC_Cmd
 .text.RTC_SetFullTime
                0x000022dc       0xb8 C:\Users\254860\Documents\Lib_MCU\Debug\libLib_MCU.a(lpc17xx_rtc.o)
                0x000022dc                RTC_SetFullTime
 .text.RTC_GetFullTime
                0x00002394       0xa8 C:\Users\254860\Documents\Lib_MCU\Debug\libLib_MCU.a(lpc17xx_rtc.o)
                0x00002394                RTC_GetFullTime
 .text.setSSPclock
                0x0000243c       0xc4 C:\Users\254860\Documents\Lib_MCU\Debug\libLib_MCU.a(lpc17xx_ssp.o)
 .text.SSP_Init
                0x00002500       0x9c C:\Users\254860\Documents\Lib_MCU\Debug\libLib_MCU.a(lpc17xx_ssp.o)
                0x00002500                SSP_Init
 .text.SSP_GetDataSize
                0x0000259c       0x40 C:\Users\254860\Documents\Lib_MCU\Debug\libLib_MCU.a(lpc17xx_ssp.o)
                0x0000259c                SSP_GetDataSize
 .text.SSP_ConfigStructInit
                0x000025dc       0x3c C:\Users\254860\Documents\Lib_MCU\Debug\libLib_MCU.a(lpc17xx_ssp.o)
                0x000025dc                SSP_ConfigStructInit
 .text.SSP_Cmd  0x00002618       0x6c C:\Users\254860\Documents\Lib_MCU\Debug\libLib_MCU.a(lpc17xx_ssp.o)
                0x00002618                SSP_Cmd
 .text.SSP_SendData
                0x00002684       0x40 C:\Users\254860\Documents\Lib_MCU\Debug\libLib_MCU.a(lpc17xx_ssp.o)
                0x00002684                SSP_SendData
 .text.SSP_ReceiveData
                0x000026c4       0x3c C:\Users\254860\Documents\Lib_MCU\Debug\libLib_MCU.a(lpc17xx_ssp.o)
                0x000026c4                SSP_ReceiveData
 .text.SSP_ReadWrite
                0x00002700      0x34a C:\Users\254860\Documents\Lib_MCU\Debug\libLib_MCU.a(lpc17xx_ssp.o)
                0x00002700                SSP_ReadWrite
 *fill*         0x00002a4a        0x2 ff
 .text.getPClock
                0x00002a4c       0x58 C:\Users\254860\Documents\Lib_MCU\Debug\libLib_MCU.a(lpc17xx_timer.o)
 .text.converUSecToVal
                0x00002aa4       0x64 C:\Users\254860\Documents\Lib_MCU\Debug\libLib_MCU.a(lpc17xx_timer.o)
 .text.converPtrToTimeNum
                0x00002b08       0x5c C:\Users\254860\Documents\Lib_MCU\Debug\libLib_MCU.a(lpc17xx_timer.o)
 .text.TIM_GetIntStatus
                0x00002b64       0x98 C:\Users\254860\Documents\Lib_MCU\Debug\libLib_MCU.a(lpc17xx_timer.o)
                0x00002b64                TIM_GetIntStatus
 .text.TIM_ClearIntPending
                0x00002bfc       0x88 C:\Users\254860\Documents\Lib_MCU\Debug\libLib_MCU.a(lpc17xx_timer.o)
                0x00002bfc                TIM_ClearIntPending
 .text.TIM_Init
                0x00002c84      0x184 C:\Users\254860\Documents\Lib_MCU\Debug\libLib_MCU.a(lpc17xx_timer.o)
                0x00002c84                TIM_Init
 .text.TIM_Cmd  0x00002e08       0x70 C:\Users\254860\Documents\Lib_MCU\Debug\libLib_MCU.a(lpc17xx_timer.o)
                0x00002e08                TIM_Cmd
 .text.TIM_ConfigMatch
                0x00002e78      0x188 C:\Users\254860\Documents\Lib_MCU\Debug\libLib_MCU.a(lpc17xx_timer.o)
                0x00002e78                TIM_ConfigMatch
 .text.Timer0_Wait
                0x00003000       0x76 C:\Users\254860\Documents\Lib_MCU\Debug\libLib_MCU.a(lpc17xx_timer.o)
                0x00003000                Timer0_Wait
 *fill*         0x00003076        0x2 ff
 .text.CLKPWR_SetPCLKDiv
                0x00003078       0x90 C:\Users\254860\Documents\Lib_MCU\Debug\libLib_MCU.a(lpc17xx_clkpwr.o)
                0x00003078                CLKPWR_SetPCLKDiv
 .text.CLKPWR_GetPCLKSEL
                0x00003108       0x48 C:\Users\254860\Documents\Lib_MCU\Debug\libLib_MCU.a(lpc17xx_clkpwr.o)
                0x00003108                CLKPWR_GetPCLKSEL
 .text.CLKPWR_GetPCLK
                0x00003150       0x64 C:\Users\254860\Documents\Lib_MCU\Debug\libLib_MCU.a(lpc17xx_clkpwr.o)
                0x00003150                CLKPWR_GetPCLK
 .text.CLKPWR_ConfigPPWR
                0x000031b4       0x58 C:\Users\254860\Documents\Lib_MCU\Debug\libLib_MCU.a(lpc17xx_clkpwr.o)
                0x000031b4                CLKPWR_ConfigPPWR
 .text          0x0000320c       0x30 c:/nxp/mcuxpressoide_11.9.1_2170/ide/plugins/com.nxp.mcuxpresso.tools.win32_11.9.1.202402080819/tools/bin/../lib/gcc/arm-none-eabi/12.3.1/thumb/v7-m/nofp\libgcc.a(_aeabi_uldivmod.o)
                0x0000320c                __aeabi_uldivmod
 .text.__udivmoddi4
                0x0000323c      0x2b8 c:/nxp/mcuxpressoide_11.9.1_2170/ide/plugins/com.nxp.mcuxpresso.tools.win32_11.9.1.202402080819/tools/bin/../lib/gcc/arm-none-eabi/12.3.1/thumb/v7-m/nofp\libgcc.a(_udivmoddi4.o)
                0x0000323c                __udivmoddi4
 .text          0x000034f4        0x4 c:/nxp/mcuxpressoide_11.9.1_2170/ide/plugins/com.nxp.mcuxpresso.tools.win32_11.9.1.202402080819/tools/bin/../lib/gcc/arm-none-eabi/12.3.1/thumb/v7-m/nofp\libgcc.a(_dvmd_tls.o)
                0x000034f4                __aeabi_idiv0
                0x000034f4                __aeabi_ldiv0
 .text.sprintf  0x000034f8       0x44 c:/nxp/mcuxpressoide_11.9.1_2170/ide/plugins/com.nxp.mcuxpresso.tools.win32_11.9.1.202402080819/tools/bin/../lib/gcc/arm-none-eabi/12.3.1/thumb/v7-m/nofp\libc.a(libc_a-sprintf.o)
                0x000034f8                sprintf
 .text.memset   0x0000353c       0xa0 c:/nxp/mcuxpressoide_11.9.1_2170/ide/plugins/com.nxp.mcuxpresso.tools.win32_11.9.1.202402080819/tools/bin/../lib/gcc/arm-none-eabi/12.3.1/thumb/v7-m/nofp\libc.a(libc_a-memset.o)
                0x0000353c                memset
 .text          0x000035dc       0xec c:/nxp/mcuxpressoide_11.9.1_2170/ide/plugins/com.nxp.mcuxpresso.tools.win32_11.9.1.202402080819/tools/bin/../lib/gcc/arm-none-eabi/12.3.1/thumb/v7-m/nofp\libc.a(libc_a-memcpy.o)
                0x000035dc                memcpy
 .text._svfprintf_r
                0x000036c8     0x1bb8 c:/nxp/mcuxpressoide_11.9.1_2170/ide/plugins/com.nxp.mcuxpresso.tools.win32_11.9.1.202402080819/tools/bin/../lib/gcc/arm-none-eabi/12.3.1/thumb/v7-m/nofp\libc.a(libc_a-svfprintf.o)
                0x000036c8                _svfprintf_r
 .text.stdio_exit_handler
                0x00005280       0x18 c:/nxp/mcuxpressoide_11.9.1_2170/ide/plugins/com.nxp.mcuxpresso.tools.win32_11.9.1.202402080819/tools/bin/../lib/gcc/arm-none-eabi/12.3.1/thumb/v7-m/nofp\libc.a(libc_a-findfp.o)
 .text.cleanup_stdio
                0x00005298       0x40 c:/nxp/mcuxpressoide_11.9.1_2170/ide/plugins/com.nxp.mcuxpresso.tools.win32_11.9.1.202402080819/tools/bin/../lib/gcc/arm-none-eabi/12.3.1/thumb/v7-m/nofp\libc.a(libc_a-findfp.o)
 .text.global_stdio_init.part.0
                0x000052d8       0xf0 c:/nxp/mcuxpressoide_11.9.1_2170/ide/plugins/com.nxp.mcuxpresso.tools.win32_11.9.1.202402080819/tools/bin/../lib/gcc/arm-none-eabi/12.3.1/thumb/v7-m/nofp\libc.a(libc_a-findfp.o)
 .text.__sinit  0x000053c8       0x3c c:/nxp/mcuxpressoide_11.9.1_2170/ide/plugins/com.nxp.mcuxpresso.tools.win32_11.9.1.202402080819/tools/bin/../lib/gcc/arm-none-eabi/12.3.1/thumb/v7-m/nofp\libc.a(libc_a-findfp.o)
                0x000053c8                __sinit
 .text.__sfp_lock_acquire
                0x00005404        0xc c:/nxp/mcuxpressoide_11.9.1_2170/ide/plugins/com.nxp.mcuxpresso.tools.win32_11.9.1.202402080819/tools/bin/../lib/gcc/arm-none-eabi/12.3.1/thumb/v7-m/nofp\libc.a(libc_a-findfp.o)
                0x00005404                __sfp_lock_acquire
 .text.__sfp_lock_release
                0x00005410        0xc c:/nxp/mcuxpressoide_11.9.1_2170/ide/plugins/com.nxp.mcuxpresso.tools.win32_11.9.1.202402080819/tools/bin/../lib/gcc/arm-none-eabi/12.3.1/thumb/v7-m/nofp\libc.a(libc_a-findfp.o)
                0x00005410                __sfp_lock_release
 .text._fwalk_sglue
                0x0000541c       0x44 c:/nxp/mcuxpressoide_11.9.1_2170/ide/plugins/com.nxp.mcuxpresso.tools.win32_11.9.1.202402080819/tools/bin/../lib/gcc/arm-none-eabi/12.3.1/thumb/v7-m/nofp\libc.a(libc_a-fwalk.o)
                0x0000541c                _fwalk_sglue
 .text.__sread  0x00005460       0x24 c:/nxp/mcuxpressoide_11.9.1_2170/ide/plugins/com.nxp.mcuxpresso.tools.win32_11.9.1.202402080819/tools/bin/../lib/gcc/arm-none-eabi/12.3.1/thumb/v7-m/nofp\libc.a(libc_a-stdio.o)
                0x00005460                __sread
 .text.__swrite
                0x00005484       0x40 c:/nxp/mcuxpressoide_11.9.1_2170/ide/plugins/com.nxp.mcuxpresso.tools.win32_11.9.1.202402080819/tools/bin/../lib/gcc/arm-none-eabi/12.3.1/thumb/v7-m/nofp\libc.a(libc_a-stdio.o)
                0x00005484                __swrite
 .text.__sseek  0x000054c4       0x24 c:/nxp/mcuxpressoide_11.9.1_2170/ide/plugins/com.nxp.mcuxpresso.tools.win32_11.9.1.202402080819/tools/bin/../lib/gcc/arm-none-eabi/12.3.1/thumb/v7-m/nofp\libc.a(libc_a-stdio.o)
                0x000054c4                __sseek
 .text.__sclose
                0x000054e8        0x8 c:/nxp/mcuxpressoide_11.9.1_2170/ide/plugins/com.nxp.mcuxpresso.tools.win32_11.9.1.202402080819/tools/bin/../lib/gcc/arm-none-eabi/12.3.1/thumb/v7-m/nofp\libc.a(libc_a-stdio.o)
                0x000054e8                __sclose
 .text.strncpy  0x000054f0       0x6c c:/nxp/mcuxpressoide_11.9.1_2170/ide/plugins/com.nxp.mcuxpresso.tools.win32_11.9.1.202402080819/tools/bin/../lib/gcc/arm-none-eabi/12.3.1/thumb/v7-m/nofp\libc.a(libc_a-strncpy.o)
                0x000054f0                strncpy
 .text.__locale_mb_cur_max
                0x0000555c        0xc c:/nxp/mcuxpressoide_11.9.1_2170/ide/plugins/com.nxp.mcuxpresso.tools.win32_11.9.1.202402080819/tools/bin/../lib/gcc/arm-none-eabi/12.3.1/thumb/v7-m/nofp\libc.a(libc_a-locale.o)
                0x0000555c                __locale_mb_cur_max
 .text._localeconv_r
                0x00005568        0x8 c:/nxp/mcuxpressoide_11.9.1_2170/ide/plugins/com.nxp.mcuxpresso.tools.win32_11.9.1.202402080819/tools/bin/../lib/gcc/arm-none-eabi/12.3.1/thumb/v7-m/nofp\libc.a(libc_a-localeconv.o)
                0x00005568                _localeconv_r
 .text._close_r
                0x00005570       0x24 c:/nxp/mcuxpressoide_11.9.1_2170/ide/plugins/com.nxp.mcuxpresso.tools.win32_11.9.1.202402080819/tools/bin/../lib/gcc/arm-none-eabi/12.3.1/thumb/v7-m/nofp\libc.a(libc_a-closer.o)
                0x00005570                _close_r
 .text._lseek_r
                0x00005594       0x2c c:/nxp/mcuxpressoide_11.9.1_2170/ide/plugins/com.nxp.mcuxpresso.tools.win32_11.9.1.202402080819/tools/bin/../lib/gcc/arm-none-eabi/12.3.1/thumb/v7-m/nofp\libc.a(libc_a-lseekr.o)
                0x00005594                _lseek_r
 .text._read_r  0x000055c0       0x2c c:/nxp/mcuxpressoide_11.9.1_2170/ide/plugins/com.nxp.mcuxpresso.tools.win32_11.9.1.202402080819/tools/bin/../lib/gcc/arm-none-eabi/12.3.1/thumb/v7-m/nofp\libc.a(libc_a-readr.o)
                0x000055c0                _read_r
 .text._write_r
                0x000055ec       0x2c c:/nxp/mcuxpressoide_11.9.1_2170/ide/plugins/com.nxp.mcuxpresso.tools.win32_11.9.1.202402080819/tools/bin/../lib/gcc/arm-none-eabi/12.3.1/thumb/v7-m/nofp\libc.a(libc_a-writer.o)
                0x000055ec                _write_r
 .text.__retarget_lock_init_recursive
                0x00005618        0x4 c:/nxp/mcuxpressoide_11.9.1_2170/ide/plugins/com.nxp.mcuxpresso.tools.win32_11.9.1.202402080819/tools/bin/../lib/gcc/arm-none-eabi/12.3.1/thumb/v7-m/nofp\libc.a(libc_a-lock.o)
                0x00005618                __retarget_lock_init_recursive
 .text.__retarget_lock_close_recursive
                0x0000561c        0x4 c:/nxp/mcuxpressoide_11.9.1_2170/ide/plugins/com.nxp.mcuxpresso.tools.win32_11.9.1.202402080819/tools/bin/../lib/gcc/arm-none-eabi/12.3.1/thumb/v7-m/nofp\libc.a(libc_a-lock.o)
                0x0000561c                __retarget_lock_close_recursive
 .text.__retarget_lock_acquire_recursive
                0x00005620        0x4 c:/nxp/mcuxpressoide_11.9.1_2170/ide/plugins/com.nxp.mcuxpresso.tools.win32_11.9.1.202402080819/tools/bin/../lib/gcc/arm-none-eabi/12.3.1/thumb/v7-m/nofp\libc.a(libc_a-lock.o)
                0x00005620                __retarget_lock_acquire_recursive
 .text.__retarget_lock_release_recursive
                0x00005624        0x4 c:/nxp/mcuxpressoide_11.9.1_2170/ide/plugins/com.nxp.mcuxpresso.tools.win32_11.9.1.202402080819/tools/bin/../lib/gcc/arm-none-eabi/12.3.1/thumb/v7-m/nofp\libc.a(libc_a-lock.o)
                0x00005624                __retarget_lock_release_recursive
 .text.memchr   0x00005628       0x98 c:/nxp/mcuxpressoide_11.9.1_2170/ide/plugins/com.nxp.mcuxpresso.tools.win32_11.9.1.202402080819/tools/bin/../lib/gcc/arm-none-eabi/12.3.1/thumb/v7-m/nofp\libc.a(libc_a-memchr-stub.o)
                0x00005628                memchr
 .text.strlen   0x000056c0       0x5c c:/nxp/mcuxpressoide_11.9.1_2170/ide/plugins/com.nxp.mcuxpresso.tools.win32_11.9.1.202402080819/tools/bin/../lib/gcc/arm-none-eabi/12.3.1/thumb/v7-m/nofp\libc.a(libc_a-strlen-stub.o)
                0x000056c0                strlen
 .text.frexp    0x0000571c       0x70 c:/nxp/mcuxpressoide_11.9.1_2170/ide/plugins/com.nxp.mcuxpresso.tools.win32_11.9.1.202402080819/tools/bin/../lib/gcc/arm-none-eabi/12.3.1/thumb/v7-m/nofp\libc.a(libm_a-s_frexp.o)
                0x0000571c                frexp
 .text.quorem   0x0000578c      0x13c c:/nxp/mcuxpressoide_11.9.1_2170/ide/plugins/com.nxp.mcuxpresso.tools.win32_11.9.1.202402080819/tools/bin/../lib/gcc/arm-none-eabi/12.3.1/thumb/v7-m/nofp\libc.a(libc_a-dtoa.o)
 .text._dtoa_r  0x000058c8      0xe54 c:/nxp/mcuxpressoide_11.9.1_2170/ide/plugins/com.nxp.mcuxpresso.tools.win32_11.9.1.202402080819/tools/bin/../lib/gcc/arm-none-eabi/12.3.1/thumb/v7-m/nofp\libc.a(libc_a-dtoa.o)
                0x000058c8                _dtoa_r
 .text._malloc_trim_r
                0x0000671c       0xb8 c:/nxp/mcuxpressoide_11.9.1_2170/ide/plugins/com.nxp.mcuxpresso.tools.win32_11.9.1.202402080819/tools/bin/../lib/gcc/arm-none-eabi/12.3.1/thumb/v7-m/nofp\libc.a(libc_a-freer.o)
                0x0000671c                _malloc_trim_r
 .text._free_r  0x000067d4      0x1fc c:/nxp/mcuxpressoide_11.9.1_2170/ide/plugins/com.nxp.mcuxpresso.tools.win32_11.9.1.202402080819/tools/bin/../lib/gcc/arm-none-eabi/12.3.1/thumb/v7-m/nofp\libc.a(libc_a-freer.o)
                0x000067d4                _free_r
 .text._malloc_r
                0x000069d0      0x570 c:/nxp/mcuxpressoide_11.9.1_2170/ide/plugins/com.nxp.mcuxpresso.tools.win32_11.9.1.202402080819/tools/bin/../lib/gcc/arm-none-eabi/12.3.1/thumb/v7-m/nofp\libc.a(libc_a-mallocr.o)
                0x000069d0                _malloc_r
 .text.__ascii_mbtowc
                0x00006f40       0x2c c:/nxp/mcuxpressoide_11.9.1_2170/ide/plugins/com.nxp.mcuxpresso.tools.win32_11.9.1.202402080819/tools/bin/../lib/gcc/arm-none-eabi/12.3.1/thumb/v7-m/nofp\libc.a(libc_a-mbtowc_r.o)
                0x00006f40                __ascii_mbtowc
 .text.__malloc_lock
                0x00006f6c        0xc c:/nxp/mcuxpressoide_11.9.1_2170/ide/plugins/com.nxp.mcuxpresso.tools.win32_11.9.1.202402080819/tools/bin/../lib/gcc/arm-none-eabi/12.3.1/thumb/v7-m/nofp\libc.a(libc_a-mlock.o)
                0x00006f6c                __malloc_lock
 .text.__malloc_unlock
                0x00006f78        0xc c:/nxp/mcuxpressoide_11.9.1_2170/ide/plugins/com.nxp.mcuxpresso.tools.win32_11.9.1.202402080819/tools/bin/../lib/gcc/arm-none-eabi/12.3.1/thumb/v7-m/nofp\libc.a(libc_a-mlock.o)
                0x00006f78                __malloc_unlock
 .text._Balloc  0x00006f84       0x4c c:/nxp/mcuxpressoide_11.9.1_2170/ide/plugins/com.nxp.mcuxpresso.tools.win32_11.9.1.202402080819/tools/bin/../lib/gcc/arm-none-eabi/12.3.1/thumb/v7-m/nofp\libc.a(libc_a-mprec.o)
                0x00006f84                _Balloc
 .text._Bfree   0x00006fd0       0x14 c:/nxp/mcuxpressoide_11.9.1_2170/ide/plugins/com.nxp.mcuxpresso.tools.win32_11.9.1.202402080819/tools/bin/../lib/gcc/arm-none-eabi/12.3.1/thumb/v7-m/nofp\libc.a(libc_a-mprec.o)
                0x00006fd0                _Bfree
 .text.__multadd
                0x00006fe4       0xa4 c:/nxp/mcuxpressoide_11.9.1_2170/ide/plugins/com.nxp.mcuxpresso.tools.win32_11.9.1.202402080819/tools/bin/../lib/gcc/arm-none-eabi/12.3.1/thumb/v7-m/nofp\libc.a(libc_a-mprec.o)
                0x00006fe4                __multadd
 .text.__hi0bits
                0x00007088       0x44 c:/nxp/mcuxpressoide_11.9.1_2170/ide/plugins/com.nxp.mcuxpresso.tools.win32_11.9.1.202402080819/tools/bin/../lib/gcc/arm-none-eabi/12.3.1/thumb/v7-m/nofp\libc.a(libc_a-mprec.o)
                0x00007088                __hi0bits
 .text.__lo0bits
                0x000070cc       0x5c c:/nxp/mcuxpressoide_11.9.1_2170/ide/plugins/com.nxp.mcuxpresso.tools.win32_11.9.1.202402080819/tools/bin/../lib/gcc/arm-none-eabi/12.3.1/thumb/v7-m/nofp\libc.a(libc_a-mprec.o)
                0x000070cc                __lo0bits
 .text.__i2b    0x00007128       0x5c c:/nxp/mcuxpressoide_11.9.1_2170/ide/plugins/com.nxp.mcuxpresso.tools.win32_11.9.1.202402080819/tools/bin/../lib/gcc/arm-none-eabi/12.3.1/thumb/v7-m/nofp\libc.a(libc_a-mprec.o)
                0x00007128                __i2b
 .text.__multiply
                0x00007184      0x164 c:/nxp/mcuxpressoide_11.9.1_2170/ide/plugins/com.nxp.mcuxpresso.tools.win32_11.9.1.202402080819/tools/bin/../lib/gcc/arm-none-eabi/12.3.1/thumb/v7-m/nofp\libc.a(libc_a-mprec.o)
                0x00007184                __multiply
 .text.__pow5mult
                0x000072e8       0xb4 c:/nxp/mcuxpressoide_11.9.1_2170/ide/plugins/com.nxp.mcuxpresso.tools.win32_11.9.1.202402080819/tools/bin/../lib/gcc/arm-none-eabi/12.3.1/thumb/v7-m/nofp\libc.a(libc_a-mprec.o)
                0x000072e8                __pow5mult
 .text.__lshift
                0x0000739c       0xec c:/nxp/mcuxpressoide_11.9.1_2170/ide/plugins/com.nxp.mcuxpresso.tools.win32_11.9.1.202402080819/tools/bin/../lib/gcc/arm-none-eabi/12.3.1/thumb/v7-m/nofp\libc.a(libc_a-mprec.o)
                0x0000739c                __lshift
 .text.__mcmp   0x00007488       0x40 c:/nxp/mcuxpressoide_11.9.1_2170/ide/plugins/com.nxp.mcuxpresso.tools.win32_11.9.1.202402080819/tools/bin/../lib/gcc/arm-none-eabi/12.3.1/thumb/v7-m/nofp\libc.a(libc_a-mprec.o)
                0x00007488                __mcmp
 .text.__mdiff  0x000074c8      0x160 c:/nxp/mcuxpressoide_11.9.1_2170/ide/plugins/com.nxp.mcuxpresso.tools.win32_11.9.1.202402080819/tools/bin/../lib/gcc/arm-none-eabi/12.3.1/thumb/v7-m/nofp\libc.a(libc_a-mprec.o)
                0x000074c8                __mdiff
 .text.__d2b    0x00007628       0xbc c:/nxp/mcuxpressoide_11.9.1_2170/ide/plugins/com.nxp.mcuxpresso.tools.win32_11.9.1.202402080819/tools/bin/../lib/gcc/arm-none-eabi/12.3.1/thumb/v7-m/nofp\libc.a(libc_a-mprec.o)
                0x00007628                __d2b
 .text.__ascii_wctomb
                0x000076e4       0x1c c:/nxp/mcuxpressoide_11.9.1_2170/ide/plugins/com.nxp.mcuxpresso.tools.win32_11.9.1.202402080819/tools/bin/../lib/gcc/arm-none-eabi/12.3.1/thumb/v7-m/nofp\libc.a(libc_a-wctomb_r.o)
                0x000076e4                __ascii_wctomb
 .text._wcrtomb_r
                0x00007700       0x4c c:/nxp/mcuxpressoide_11.9.1_2170/ide/plugins/com.nxp.mcuxpresso.tools.win32_11.9.1.202402080819/tools/bin/../lib/gcc/arm-none-eabi/12.3.1/thumb/v7-m/nofp\libc.a(libc_a-wcrtomb.o)
                0x00007700                _wcrtomb_r
 .text._wcsrtombs_r
                0x0000774c       0x18 c:/nxp/mcuxpressoide_11.9.1_2170/ide/plugins/com.nxp.mcuxpresso.tools.win32_11.9.1.202402080819/tools/bin/../lib/gcc/arm-none-eabi/12.3.1/thumb/v7-m/nofp\libc.a(libc_a-wcsrtombs.o)
                0x0000774c                _wcsrtombs_r
 .text.__ssprint_r
                0x00007764      0x110 c:/nxp/mcuxpressoide_11.9.1_2170/ide/plugins/com.nxp.mcuxpresso.tools.win32_11.9.1.202402080819/tools/bin/../lib/gcc/arm-none-eabi/12.3.1/thumb/v7-m/nofp\libc.a(libc_a-svfiprintf.o)
                0x00007764                __ssprint_r
 .text._fclose_r
                0x00007874       0xc0 c:/nxp/mcuxpressoide_11.9.1_2170/ide/plugins/com.nxp.mcuxpresso.tools.win32_11.9.1.202402080819/tools/bin/../lib/gcc/arm-none-eabi/12.3.1/thumb/v7-m/nofp\libc.a(libc_a-fclose.o)
                0x00007874                _fclose_r
 .text.__sflush_r
                0x00007934      0x128 c:/nxp/mcuxpressoide_11.9.1_2170/ide/plugins/com.nxp.mcuxpresso.tools.win32_11.9.1.202402080819/tools/bin/../lib/gcc/arm-none-eabi/12.3.1/thumb/v7-m/nofp\libc.a(libc_a-fflush.o)
                0x00007934                __sflush_r
 .text._fflush_r
                0x00007a5c       0x54 c:/nxp/mcuxpressoide_11.9.1_2170/ide/plugins/com.nxp.mcuxpresso.tools.win32_11.9.1.202402080819/tools/bin/../lib/gcc/arm-none-eabi/12.3.1/thumb/v7-m/nofp\libc.a(libc_a-fflush.o)
                0x00007a5c                _fflush_r
 .text.memmove  0x00007ab0       0xfc c:/nxp/mcuxpressoide_11.9.1_2170/ide/plugins/com.nxp.mcuxpresso.tools.win32_11.9.1.202402080819/tools/bin/../lib/gcc/arm-none-eabi/12.3.1/thumb/v7-m/nofp\libc.a(libc_a-memmove.o)
                0x00007ab0                memmove
 .text._sbrk_r  0x00007bac       0x24 c:/nxp/mcuxpressoide_11.9.1_2170/ide/plugins/com.nxp.mcuxpresso.tools.win32_11.9.1.202402080819/tools/bin/../lib/gcc/arm-none-eabi/12.3.1/thumb/v7-m/nofp\libc.a(libc_a-sbrkr.o)
                0x00007bac                _sbrk_r
 .text.__errno  0x00007bd0        0xc c:/nxp/mcuxpressoide_11.9.1_2170/ide/plugins/com.nxp.mcuxpresso.tools.win32_11.9.1.202402080819/tools/bin/../lib/gcc/arm-none-eabi/12.3.1/thumb/v7-m/nofp\libc.a(libc_a-errno.o)
                0x00007bd0                __errno
 .text.sysconf  0x00007bdc       0x1c c:/nxp/mcuxpressoide_11.9.1_2170/ide/plugins/com.nxp.mcuxpresso.tools.win32_11.9.1.202402080819/tools/bin/../lib/gcc/arm-none-eabi/12.3.1/thumb/v7-m/nofp\libc.a(libc_a-sysconf.o)
                0x00007bdc                sysconf
 .text.__assert_func
                0x00007bf8       0x40 c:/nxp/mcuxpressoide_11.9.1_2170/ide/plugins/com.nxp.mcuxpresso.tools.win32_11.9.1.202402080819/tools/bin/../lib/gcc/arm-none-eabi/12.3.1/thumb/v7-m/nofp\libc.a(libc_a-assert.o)
                0x00007bf8                __assert_func
 .text._calloc_r
                0x00007c38       0x6c c:/nxp/mcuxpressoide_11.9.1_2170/ide/plugins/com.nxp.mcuxpresso.tools.win32_11.9.1.202402080819/tools/bin/../lib/gcc/arm-none-eabi/12.3.1/thumb/v7-m/nofp\libc.a(libc_a-callocr.o)
                0x00007c38                _calloc_r
 .text._realloc_r
                0x00007ca4      0x34c c:/nxp/mcuxpressoide_11.9.1_2170/ide/plugins/com.nxp.mcuxpresso.tools.win32_11.9.1.202402080819/tools/bin/../lib/gcc/arm-none-eabi/12.3.1/thumb/v7-m/nofp\libc.a(libc_a-reallocr.o)
                0x00007ca4                _realloc_r
 .text._wcsnrtombs_l
                0x00007ff0       0xec c:/nxp/mcuxpressoide_11.9.1_2170/ide/plugins/com.nxp.mcuxpresso.tools.win32_11.9.1.202402080819/tools/bin/../lib/gcc/arm-none-eabi/12.3.1/thumb/v7-m/nofp\libc.a(libc_a-wcsnrtombs.o)
                0x00007ff0                _wcsnrtombs_l
 .text._wcsnrtombs_r
                0x000080dc       0x24 c:/nxp/mcuxpressoide_11.9.1_2170/ide/plugins/com.nxp.mcuxpresso.tools.win32_11.9.1.202402080819/tools/bin/../lib/gcc/arm-none-eabi/12.3.1/thumb/v7-m/nofp\libc.a(libc_a-wcsnrtombs.o)
                0x000080dc                _wcsnrtombs_r
 .text.fiprintf
                0x00008100       0x28 c:/nxp/mcuxpressoide_11.9.1_2170/ide/plugins/com.nxp.mcuxpresso.tools.win32_11.9.1.202402080819/tools/bin/../lib/gcc/arm-none-eabi/12.3.1/thumb/v7-m/nofp\libc.a(libc_a-fiprintf.o)
                0x00008100                fiprintf
 .text.__sprint_r.part.0
                0x00008128       0x78 c:/nxp/mcuxpressoide_11.9.1_2170/ide/plugins/com.nxp.mcuxpresso.tools.win32_11.9.1.202402080819/tools/bin/../lib/gcc/arm-none-eabi/12.3.1/thumb/v7-m/nofp\libc.a(libc_a-vfiprintf.o)
 .text._vfiprintf_r
                0x000081a0      0xf9c c:/nxp/mcuxpressoide_11.9.1_2170/ide/plugins/com.nxp.mcuxpresso.tools.win32_11.9.1.202402080819/tools/bin/../lib/gcc/arm-none-eabi/12.3.1/thumb/v7-m/nofp\libc.a(libc_a-vfiprintf.o)
                0x000081a0                _vfiprintf_r
 .text.__sbprintf
                0x0000913c       0x80 c:/nxp/mcuxpressoide_11.9.1_2170/ide/plugins/com.nxp.mcuxpresso.tools.win32_11.9.1.202402080819/tools/bin/../lib/gcc/arm-none-eabi/12.3.1/thumb/v7-m/nofp\libc.a(libc_a-vfiprintf.o)
 .text.__sfvwrite_r
                0x000091bc      0x2ec c:/nxp/mcuxpressoide_11.9.1_2170/ide/plugins/com.nxp.mcuxpresso.tools.win32_11.9.1.202402080819/tools/bin/../lib/gcc/arm-none-eabi/12.3.1/thumb/v7-m/nofp\libc.a(libc_a-fvwrite.o)
                0x000091bc                __sfvwrite_r
 .text.__swsetup_r
                0x000094a8       0xc0 c:/nxp/mcuxpressoide_11.9.1_2170/ide/plugins/com.nxp.mcuxpresso.tools.win32_11.9.1.202402080819/tools/bin/../lib/gcc/arm-none-eabi/12.3.1/thumb/v7-m/nofp\libc.a(libc_a-wsetup.o)
                0x000094a8                __swsetup_r
 .text.__fputwc
                0x00009568       0x7c c:/nxp/mcuxpressoide_11.9.1_2170/ide/plugins/com.nxp.mcuxpresso.tools.win32_11.9.1.202402080819/tools/bin/../lib/gcc/arm-none-eabi/12.3.1/thumb/v7-m/nofp\libc.a(libc_a-fputwc.o)
                0x00009568                __fputwc
 .text._fputwc_r
                0x000095e4       0x60 c:/nxp/mcuxpressoide_11.9.1_2170/ide/plugins/com.nxp.mcuxpresso.tools.win32_11.9.1.202402080819/tools/bin/../lib/gcc/arm-none-eabi/12.3.1/thumb/v7-m/nofp\libc.a(libc_a-fputwc.o)
                0x000095e4                _fputwc_r
 .text.abort    0x00009644       0x10 c:/nxp/mcuxpressoide_11.9.1_2170/ide/plugins/com.nxp.mcuxpresso.tools.win32_11.9.1.202402080819/tools/bin/../lib/gcc/arm-none-eabi/12.3.1/thumb/v7-m/nofp\libc.a(libc_a-abort.o)
                0x00009644                abort
 .text.__smakebuf_r
                0x00009654       0xdc c:/nxp/mcuxpressoide_11.9.1_2170/ide/plugins/com.nxp.mcuxpresso.tools.win32_11.9.1.202402080819/tools/bin/../lib/gcc/arm-none-eabi/12.3.1/thumb/v7-m/nofp\libc.a(libc_a-makebuf.o)
                0x00009654                __smakebuf_r
 .text.__swbuf_r
                0x00009730       0xac c:/nxp/mcuxpressoide_11.9.1_2170/ide/plugins/com.nxp.mcuxpresso.tools.win32_11.9.1.202402080819/tools/bin/../lib/gcc/arm-none-eabi/12.3.1/thumb/v7-m/nofp\libc.a(libc_a-wbuf.o)
                0x00009730                __swbuf_r
 .text.raise    0x000097dc       0x58 c:/nxp/mcuxpressoide_11.9.1_2170/ide/plugins/com.nxp.mcuxpresso.tools.win32_11.9.1.202402080819/tools/bin/../lib/gcc/arm-none-eabi/12.3.1/thumb/v7-m/nofp\libc.a(libc_a-signal.o)
                0x000097dc                raise
 .text._fstat_r
                0x00009834       0x28 c:/nxp/mcuxpressoide_11.9.1_2170/ide/plugins/com.nxp.mcuxpresso.tools.win32_11.9.1.202402080819/tools/bin/../lib/gcc/arm-none-eabi/12.3.1/thumb/v7-m/nofp\libc.a(libc_a-fstatr.o)
                0x00009834                _fstat_r
 .text._isatty_r
                0x0000985c       0x24 c:/nxp/mcuxpressoide_11.9.1_2170/ide/plugins/com.nxp.mcuxpresso.tools.win32_11.9.1.202402080819/tools/bin/../lib/gcc/arm-none-eabi/12.3.1/thumb/v7-m/nofp\libc.a(libc_a-isattyr.o)
                0x0000985c                _isatty_r
 .text._kill_r  0x00009880       0x28 c:/nxp/mcuxpressoide_11.9.1_2170/ide/plugins/com.nxp.mcuxpresso.tools.win32_11.9.1.202402080819/tools/bin/../lib/gcc/arm-none-eabi/12.3.1/thumb/v7-m/nofp\libc.a(libc_a-signalr.o)
                0x00009880                _kill_r
 .text._getpid_r
                0x000098a8        0x4 c:/nxp/mcuxpressoide_11.9.1_2170/ide/plugins/com.nxp.mcuxpresso.tools.win32_11.9.1.202402080819/tools/bin/../lib/gcc/arm-none-eabi/12.3.1/thumb/v7-m/nofp\libc.a(libc_a-signalr.o)
                0x000098a8                _getpid_r
 .text._sbrk    0x000098ac       0x3c c:/nxp/mcuxpressoide_11.9.1_2170/ide/plugins/com.nxp.mcuxpresso.tools.win32_11.9.1.202402080819/tools/bin/../lib/gcc/arm-none-eabi/12.3.1/../../../../arm-none-eabi/lib/thumb/v7-m/nofp\libcr_newlib_semihost.a(_cr_sbrk.o)
                0x000098ac                _sbrk
 .text._exit    0x000098e8        0x8 c:/nxp/mcuxpressoide_11.9.1_2170/ide/plugins/com.nxp.mcuxpresso.tools.win32_11.9.1.202402080819/tools/bin/../lib/gcc/arm-none-eabi/12.3.1/../../../../arm-none-eabi/lib/thumb/v7-m/nofp\libcr_newlib_semihost.a(_exit.o)
                0x000098e8                _exit
 .text._kill    0x000098f0       0x20 c:/nxp/mcuxpressoide_11.9.1_2170/ide/plugins/com.nxp.mcuxpresso.tools.win32_11.9.1.202402080819/tools/bin/../lib/gcc/arm-none-eabi/12.3.1/../../../../arm-none-eabi/lib/thumb/v7-m/nofp\libcr_newlib_semihost.a(_kill.o)
                0x000098f0                _kill
 .text.error    0x00009910       0x1c c:/nxp/mcuxpressoide_11.9.1_2170/ide/plugins/com.nxp.mcuxpresso.tools.win32_11.9.1.202402080819/tools/bin/../lib/gcc/arm-none-eabi/12.3.1/../../../../arm-none-eabi/lib/thumb/v7-m/nofp\libcr_newlib_semihost.a(syscalls.o)
 .text.initialise_monitor_handles.part.0
                0x0000992c       0xa4 c:/nxp/mcuxpressoide_11.9.1_2170/ide/plugins/com.nxp.mcuxpresso.tools.win32_11.9.1.202402080819/tools/bin/../lib/gcc/arm-none-eabi/12.3.1/../../../../arm-none-eabi/lib/thumb/v7-m/nofp\libcr_newlib_semihost.a(syscalls.o)
 .text.findslot
                0x000099d0       0x30 c:/nxp/mcuxpressoide_11.9.1_2170/ide/plugins/com.nxp.mcuxpresso.tools.win32_11.9.1.202402080819/tools/bin/../lib/gcc/arm-none-eabi/12.3.1/../../../../arm-none-eabi/lib/thumb/v7-m/nofp\libcr_newlib_semihost.a(syscalls.o)
 .text.checkerror
                0x00009a00        0xa c:/nxp/mcuxpressoide_11.9.1_2170/ide/plugins/com.nxp.mcuxpresso.tools.win32_11.9.1.202402080819/tools/bin/../lib/gcc/arm-none-eabi/12.3.1/../../../../arm-none-eabi/lib/thumb/v7-m/nofp\libcr_newlib_semihost.a(syscalls.o)
 .text._swiread
                0x00009a0a       0x20 c:/nxp/mcuxpressoide_11.9.1_2170/ide/plugins/com.nxp.mcuxpresso.tools.win32_11.9.1.202402080819/tools/bin/../lib/gcc/arm-none-eabi/12.3.1/../../../../arm-none-eabi/lib/thumb/v7-m/nofp\libcr_newlib_semihost.a(syscalls.o)
                0x00009a0a                _swiread
 .text._read    0x00009a2a       0x34 c:/nxp/mcuxpressoide_11.9.1_2170/ide/plugins/com.nxp.mcuxpresso.tools.win32_11.9.1.202402080819/tools/bin/../lib/gcc/arm-none-eabi/12.3.1/../../../../arm-none-eabi/lib/thumb/v7-m/nofp\libcr_newlib_semihost.a(syscalls.o)
                0x00009a2a                _read
 .text._swilseek
                0x00009a5e       0x78 c:/nxp/mcuxpressoide_11.9.1_2170/ide/plugins/com.nxp.mcuxpresso.tools.win32_11.9.1.202402080819/tools/bin/../lib/gcc/arm-none-eabi/12.3.1/../../../../arm-none-eabi/lib/thumb/v7-m/nofp\libcr_newlib_semihost.a(syscalls.o)
                0x00009a5e                _swilseek
 .text._lseek   0x00009ad6        0x4 c:/nxp/mcuxpressoide_11.9.1_2170/ide/plugins/com.nxp.mcuxpresso.tools.win32_11.9.1.202402080819/tools/bin/../lib/gcc/arm-none-eabi/12.3.1/../../../../arm-none-eabi/lib/thumb/v7-m/nofp\libcr_newlib_semihost.a(syscalls.o)
                0x00009ad6                _lseek
 .text._swiwrite
                0x00009ada       0x20 c:/nxp/mcuxpressoide_11.9.1_2170/ide/plugins/com.nxp.mcuxpresso.tools.win32_11.9.1.202402080819/tools/bin/../lib/gcc/arm-none-eabi/12.3.1/../../../../arm-none-eabi/lib/thumb/v7-m/nofp\libcr_newlib_semihost.a(syscalls.o)
                0x00009ada                _swiwrite
 .text._write   0x00009afa       0x40 c:/nxp/mcuxpressoide_11.9.1_2170/ide/plugins/com.nxp.mcuxpresso.tools.win32_11.9.1.202402080819/tools/bin/../lib/gcc/arm-none-eabi/12.3.1/../../../../arm-none-eabi/lib/thumb/v7-m/nofp\libcr_newlib_semihost.a(syscalls.o)
                0x00009afa                _write
 .text._swiclose
                0x00009b3a       0x1a c:/nxp/mcuxpressoide_11.9.1_2170/ide/plugins/com.nxp.mcuxpresso.tools.win32_11.9.1.202402080819/tools/bin/../lib/gcc/arm-none-eabi/12.3.1/../../../../arm-none-eabi/lib/thumb/v7-m/nofp\libcr_newlib_semihost.a(syscalls.o)
                0x00009b3a                _swiclose
 .text._close   0x00009b54       0x44 c:/nxp/mcuxpressoide_11.9.1_2170/ide/plugins/com.nxp.mcuxpresso.tools.win32_11.9.1.202402080819/tools/bin/../lib/gcc/arm-none-eabi/12.3.1/../../../../arm-none-eabi/lib/thumb/v7-m/nofp\libcr_newlib_semihost.a(syscalls.o)
                0x00009b54                _close
 .text._getpid  0x00009b98        0x4 c:/nxp/mcuxpressoide_11.9.1_2170/ide/plugins/com.nxp.mcuxpresso.tools.win32_11.9.1.202402080819/tools/bin/../lib/gcc/arm-none-eabi/12.3.1/../../../../arm-none-eabi/lib/thumb/v7-m/nofp\libcr_newlib_semihost.a(syscalls.o)
                0x00009b98                _getpid
 .text._swistat
                0x00009b9c       0x42 c:/nxp/mcuxpressoide_11.9.1_2170/ide/plugins/com.nxp.mcuxpresso.tools.win32_11.9.1.202402080819/tools/bin/../lib/gcc/arm-none-eabi/12.3.1/../../../../arm-none-eabi/lib/thumb/v7-m/nofp\libcr_newlib_semihost.a(syscalls.o)
                0x00009b9c                _swistat
 .text._fstat   0x00009bde       0x1c c:/nxp/mcuxpressoide_11.9.1_2170/ide/plugins/com.nxp.mcuxpresso.tools.win32_11.9.1.202402080819/tools/bin/../lib/gcc/arm-none-eabi/12.3.1/../../../../arm-none-eabi/lib/thumb/v7-m/nofp\libcr_newlib_semihost.a(syscalls.o)
                0x00009bde                _fstat
 .text._isatty  0x00009bfa       0x2a c:/nxp/mcuxpressoide_11.9.1_2170/ide/plugins/com.nxp.mcuxpresso.tools.win32_11.9.1.202402080819/tools/bin/../lib/gcc/arm-none-eabi/12.3.1/../../../../arm-none-eabi/lib/thumb/v7-m/nofp\libcr_newlib_semihost.a(syscalls.o)
                0x00009bfa                _isatty
 .text.__check_heap_overflow
                0x00009c24       0x18 c:/nxp/mcuxpressoide_11.9.1_2170/ide/plugins/com.nxp.mcuxpresso.tools.win32_11.9.1.202402080819/tools/bin/../lib/gcc/arm-none-eabi/12.3.1/../../../../arm-none-eabi/lib/thumb/v7-m/nofp\libcr_newlib_semihost.a(_cr_check_heap.o)
                0x00009c24                __check_heap_overflow
 .text          0x00009c3c      0x378 c:/nxp/mcuxpressoide_11.9.1_2170/ide/plugins/com.nxp.mcuxpresso.tools.win32_11.9.1.202402080819/tools/bin/../lib/gcc/arm-none-eabi/12.3.1/thumb/v7-m/nofp\libgcc.a(_arm_addsubdf3.o)
                0x00009c3c                __aeabi_drsub
                0x00009c44                __aeabi_dsub
                0x00009c44                __subdf3
                0x00009c48                __aeabi_dadd
                0x00009c48                __adddf3
                0x00009ec0                __floatunsidf
                0x00009ec0                __aeabi_ui2d
                0x00009ee0                __floatsidf
                0x00009ee0                __aeabi_i2d
                0x00009f04                __aeabi_f2d
                0x00009f04                __extendsfdf2
                0x00009f48                __floatundidf
                0x00009f48                __aeabi_ul2d
                0x00009f58                __floatdidf
                0x00009f58                __aeabi_l2d
 .text          0x00009fb4      0x424 c:/nxp/mcuxpressoide_11.9.1_2170/ide/plugins/com.nxp.mcuxpresso.tools.win32_11.9.1.202402080819/tools/bin/../lib/gcc/arm-none-eabi/12.3.1/thumb/v7-m/nofp\libgcc.a(_arm_muldivdf3.o)
                0x00009fb4                __aeabi_dmul
                0x00009fb4                __muldf3
                0x0000a208                __divdf3
                0x0000a208                __aeabi_ddiv
 .text          0x0000a3d8      0x110 c:/nxp/mcuxpressoide_11.9.1_2170/ide/plugins/com.nxp.mcuxpresso.tools.win32_11.9.1.202402080819/tools/bin/../lib/gcc/arm-none-eabi/12.3.1/thumb/v7-m/nofp\libgcc.a(_arm_cmpdf2.o)
                0x0000a3d8                __gtdf2
                0x0000a3d8                __gedf2
                0x0000a3e0                __ltdf2
                0x0000a3e0                __ledf2
                0x0000a3e8                __nedf2
                0x0000a3e8                __eqdf2
                0x0000a3e8                __cmpdf2
                0x0000a464                __aeabi_cdrcmple
                0x0000a474                __aeabi_cdcmpeq
                0x0000a474                __aeabi_cdcmple
                0x0000a484                __aeabi_dcmpeq
                0x0000a498                __aeabi_dcmplt
                0x0000a4ac                __aeabi_dcmple
                0x0000a4c0                __aeabi_dcmpge
                0x0000a4d4                __aeabi_dcmpgt
 .text          0x0000a4e8       0x2c c:/nxp/mcuxpressoide_11.9.1_2170/ide/plugins/com.nxp.mcuxpresso.tools.win32_11.9.1.202402080819/tools/bin/../lib/gcc/arm-none-eabi/12.3.1/thumb/v7-m/nofp\libgcc.a(_arm_unorddf2.o)
                0x0000a4e8                __unorddf2
                0x0000a4e8                __aeabi_dcmpun
 .text          0x0000a514       0x50 c:/nxp/mcuxpressoide_11.9.1_2170/ide/plugins/com.nxp.mcuxpresso.tools.win32_11.9.1.202402080819/tools/bin/../lib/gcc/arm-none-eabi/12.3.1/thumb/v7-m/nofp\libgcc.a(_arm_fixdfsi.o)
                0x0000a514                __aeabi_d2iz
                0x0000a514                __fixdfsi
 *(.rodata .rodata.* .constdata .constdata.*)
 .rodata.str1.4
                0x0000a564       0x77 ./src/main.o
 *fill*         0x0000a5db        0x1 ff
 .rodata        0x0000a5dc        0x8 C:\Users\254860\Documents\Lib_EaBaseBoard\Debug\libLib_EaBaseBoard.a(oled.o)
 .rodata        0x0000a5e4      0x300 C:\Users\254860\Documents\Lib_EaBaseBoard\Debug\libLib_EaBaseBoard.a(font5x7.o)
                0x0000a5e4                font5x7
 .rodata.str1.4
                0x0000a8e4        0xe C:\Users\254860\Documents\Lib_MCU\Debug\libLib_MCU.a(lpc17xx_dac.o)
 *fill*         0x0000a8f2        0x2 ff
 .rodata.str1.4
                0x0000a8f4        0xe C:\Users\254860\Documents\Lib_MCU\Debug\libLib_MCU.a(lpc17xx_i2c.o)
 *fill*         0x0000a902        0x2 ff
 .rodata.str1.4
                0x0000a904        0xe C:\Users\254860\Documents\Lib_MCU\Debug\libLib_MCU.a(lpc17xx_rtc.o)
 *fill*         0x0000a912        0x2 ff
 .rodata.str1.4
                0x0000a914        0xe C:\Users\254860\Documents\Lib_MCU\Debug\libLib_MCU.a(lpc17xx_ssp.o)
 *fill*         0x0000a922        0x2 ff
 .rodata.str1.4
                0x0000a924       0x10 C:\Users\254860\Documents\Lib_MCU\Debug\libLib_MCU.a(lpc17xx_timer.o)
 .rodata._svfprintf_r.str1.4
                0x0000a934       0x42 c:/nxp/mcuxpressoide_11.9.1_2170/ide/plugins/com.nxp.mcuxpresso.tools.win32_11.9.1.202402080819/tools/bin/../lib/gcc/arm-none-eabi/12.3.1/thumb/v7-m/nofp\libc.a(libc_a-svfprintf.o)
 *fill*         0x0000a976        0x2 ff
 .rodata.zeroes.0
                0x0000a978       0x10 c:/nxp/mcuxpressoide_11.9.1_2170/ide/plugins/com.nxp.mcuxpresso.tools.win32_11.9.1.202402080819/tools/bin/../lib/gcc/arm-none-eabi/12.3.1/thumb/v7-m/nofp\libc.a(libc_a-svfprintf.o)
 .rodata.blanks.1
                0x0000a988       0x10 c:/nxp/mcuxpressoide_11.9.1_2170/ide/plugins/com.nxp.mcuxpresso.tools.win32_11.9.1.202402080819/tools/bin/../lib/gcc/arm-none-eabi/12.3.1/thumb/v7-m/nofp\libc.a(libc_a-svfprintf.o)
 .rodata.str1.4
                0x0000a998       0x48 c:/nxp/mcuxpressoide_11.9.1_2170/ide/plugins/com.nxp.mcuxpresso.tools.win32_11.9.1.202402080819/tools/bin/../lib/gcc/arm-none-eabi/12.3.1/thumb/v7-m/nofp\libc.a(libc_a-locale.o)
                                 0x4c (size before relaxing)
 .rodata._dtoa_r.str1.4
                0x0000a9e0       0x7d c:/nxp/mcuxpressoide_11.9.1_2170/ide/plugins/com.nxp.mcuxpresso.tools.win32_11.9.1.202402080819/tools/bin/../lib/gcc/arm-none-eabi/12.3.1/thumb/v7-m/nofp\libc.a(libc_a-dtoa.o)
                                 0x81 (size before relaxing)
 *fill*         0x0000aa5d        0x3 ff
 .rodata.__multadd.str1.4
                0x0000aa60       0x5a c:/nxp/mcuxpressoide_11.9.1_2170/ide/plugins/com.nxp.mcuxpresso.tools.win32_11.9.1.202402080819/tools/bin/../lib/gcc/arm-none-eabi/12.3.1/thumb/v7-m/nofp\libc.a(libc_a-mprec.o)
                                 0x6e (size before relaxing)
 *fill*         0x0000aaba        0x2 ff
 .rodata.p05.0  0x0000aabc        0xc c:/nxp/mcuxpressoide_11.9.1_2170/ide/plugins/com.nxp.mcuxpresso.tools.win32_11.9.1.202402080819/tools/bin/../lib/gcc/arm-none-eabi/12.3.1/thumb/v7-m/nofp\libc.a(libc_a-mprec.o)
 .rodata.__mprec_bigtens
                0x0000aac8       0x28 c:/nxp/mcuxpressoide_11.9.1_2170/ide/plugins/com.nxp.mcuxpresso.tools.win32_11.9.1.202402080819/tools/bin/../lib/gcc/arm-none-eabi/12.3.1/thumb/v7-m/nofp\libc.a(libc_a-mprec.o)
                0x0000aac8                __mprec_bigtens
 .rodata.__mprec_tens
                0x0000aaf0       0xc8 c:/nxp/mcuxpressoide_11.9.1_2170/ide/plugins/com.nxp.mcuxpresso.tools.win32_11.9.1.202402080819/tools/bin/../lib/gcc/arm-none-eabi/12.3.1/thumb/v7-m/nofp\libc.a(libc_a-mprec.o)
                0x0000aaf0                __mprec_tens
 .rodata._ctype_
                0x0000abb8      0x101 c:/nxp/mcuxpressoide_11.9.1_2170/ide/plugins/com.nxp.mcuxpresso.tools.win32_11.9.1.202402080819/tools/bin/../lib/gcc/arm-none-eabi/12.3.1/thumb/v7-m/nofp\libc.a(libc_a-ctype_.o)
                0x0000abb8                _ctype_
 *fill*         0x0000acb9        0x3 ff
 .rodata.__assert_func.str1.4
                0x0000acbc       0x3f c:/nxp/mcuxpressoide_11.9.1_2170/ide/plugins/com.nxp.mcuxpresso.tools.win32_11.9.1.202402080819/tools/bin/../lib/gcc/arm-none-eabi/12.3.1/thumb/v7-m/nofp\libc.a(libc_a-assert.o)
                                 0x43 (size before relaxing)
 .rodata._vfiprintf_r.str1.4
                0x0000acfb       0x2f c:/nxp/mcuxpressoide_11.9.1_2170/ide/plugins/com.nxp.mcuxpresso.tools.win32_11.9.1.202402080819/tools/bin/../lib/gcc/arm-none-eabi/12.3.1/thumb/v7-m/nofp\libc.a(libc_a-vfiprintf.o)
 *fill*         0x0000acfb        0x1 ff
 .rodata.zeroes.0
                0x0000acfc       0x10 c:/nxp/mcuxpressoide_11.9.1_2170/ide/plugins/com.nxp.mcuxpresso.tools.win32_11.9.1.202402080819/tools/bin/../lib/gcc/arm-none-eabi/12.3.1/thumb/v7-m/nofp\libc.a(libc_a-vfiprintf.o)
 .rodata.blanks.1
                0x0000ad0c       0x10 c:/nxp/mcuxpressoide_11.9.1_2170/ide/plugins/com.nxp.mcuxpresso.tools.win32_11.9.1.202402080819/tools/bin/../lib/gcc/arm-none-eabi/12.3.1/thumb/v7-m/nofp\libc.a(libc_a-vfiprintf.o)
 .rodata.initialise_monitor_handles.part.0.str1.1
                0x0000ad1c        0x4 c:/nxp/mcuxpressoide_11.9.1_2170/ide/plugins/com.nxp.mcuxpresso.tools.win32_11.9.1.202402080819/tools/bin/../lib/gcc/arm-none-eabi/12.3.1/../../../../arm-none-eabi/lib/thumb/v7-m/nofp\libcr_newlib_semihost.a(syscalls.o)
                0x0000ad20                        . = ALIGN (0x4)

.glue_7         0x0000ad20        0x0
 .glue_7        0x0000ad20        0x0 linker stubs

.glue_7t        0x0000ad20        0x0
 .glue_7t       0x0000ad20        0x0 linker stubs

.vfp11_veneer   0x0000ad20        0x0
 .vfp11_veneer  0x0000ad20        0x0 linker stubs

.v4_bx          0x0000ad20        0x0
 .v4_bx         0x0000ad20        0x0 linker stubs

.iplt           0x0000ad20        0x0
 .iplt          0x0000ad20        0x0 ./src/timer/timer_utils.o

.ARM.extab
 *(.ARM.extab* .gnu.linkonce.armextab.*)

.ARM.exidx      0x0000ad20        0x8
                0x0000ad20                        __exidx_start = .
 *(.ARM.exidx* .gnu.linkonce.armexidx.*)
 .ARM.exidx.text.__udivmoddi4
                0x0000ad20        0x8 c:/nxp/mcuxpressoide_11.9.1_2170/ide/plugins/com.nxp.mcuxpresso.tools.win32_11.9.1.202402080819/tools/bin/../lib/gcc/arm-none-eabi/12.3.1/thumb/v7-m/nofp\libgcc.a(_udivmoddi4.o)
 .ARM.exidx     0x0000ad28        0x0 c:/nxp/mcuxpressoide_11.9.1_2170/ide/plugins/com.nxp.mcuxpresso.tools.win32_11.9.1.202402080819/tools/bin/../lib/gcc/arm-none-eabi/12.3.1/thumb/v7-m/nofp\libc.a(libc_a-memcpy.o)
                                  0x8 (size before relaxing)
                0x0000ad28                        __exidx_end = .
                0x0000ad28                        _etext = .

.rel.dyn        0x0000ad28        0x0
 .rel.iplt      0x0000ad28        0x0 ./src/timer/timer_utils.o

.data_RAM2      0x2007c000        0x0 load address 0x0000ad28
 FILL mask 0xff
                [!provide]                        PROVIDE (__start_data_RAM2 = .)
                [!provide]                        PROVIDE (__start_data_RamAHB32 = .)
 *(.ramfunc.$RAM2)
 *(.ramfunc.$RamAHB32)
 *(.data.$RAM2)
 *(.data.$RamAHB32)
 *(.data.$RAM2.*)
 *(.data.$RamAHB32.*)
                0x2007c000                        . = ALIGN (0x4)
                [!provide]                        PROVIDE (__end_data_RAM2 = .)
                [!provide]                        PROVIDE (__end_data_RamAHB32 = .)

.uninit_RESERVED
                0x10000000        0x0
                0x10000000                        _start_uninit_RESERVED = .
 *(.bss.$RESERVED*)
                0x10000000                        . = ALIGN (0x4)
                0x10000000                        _end_uninit_RESERVED = .

.data           0x10000000      0x6b8 load address 0x0000ad28
 FILL mask 0xff
                0x10000000                        _data = .
                [!provide]                        PROVIDE (__start_data_RAM = .)
                [!provide]                        PROVIDE (__start_data_RamLoc32 = .)
 *(vtable)
 *(.ramfunc*)
 *(CodeQuickAccess)
 *(DataQuickAccess)
 *(RamFunction)
 *(.data*)
 .data          0x10000000        0x4 C:\Users\254860\Documents\Lib_CMSISv1p30_LPC17xx\Debug\libCMSISv1p30_LPC17xx.a(system_LPC17xx.o)
                0x10000000                SystemCoreClock
 .data          0x10000004        0x8 C:\Users\254860\Documents\Lib_EaBaseBoard\Debug\libLib_EaBaseBoard.a(light.o)
 .data._impure_ptr
                0x1000000c        0x4 c:/nxp/mcuxpressoide_11.9.1_2170/ide/plugins/com.nxp.mcuxpresso.tools.win32_11.9.1.202402080819/tools/bin/../lib/gcc/arm-none-eabi/12.3.1/thumb/v7-m/nofp\libc.a(libc_a-impure.o)
                0x1000000c                _impure_ptr
 .data._impure_data
                0x10000010      0x120 c:/nxp/mcuxpressoide_11.9.1_2170/ide/plugins/com.nxp.mcuxpresso.tools.win32_11.9.1.202402080819/tools/bin/../lib/gcc/arm-none-eabi/12.3.1/thumb/v7-m/nofp\libc.a(libc_a-impure.o)
                0x10000010                _impure_data
 .data.__sglue  0x10000130        0xc c:/nxp/mcuxpressoide_11.9.1_2170/ide/plugins/com.nxp.mcuxpresso.tools.win32_11.9.1.202402080819/tools/bin/../lib/gcc/arm-none-eabi/12.3.1/thumb/v7-m/nofp\libc.a(libc_a-findfp.o)
                0x10000130                __sglue
 .data.__global_locale
                0x1000013c      0x16c c:/nxp/mcuxpressoide_11.9.1_2170/ide/plugins/com.nxp.mcuxpresso.tools.win32_11.9.1.202402080819/tools/bin/../lib/gcc/arm-none-eabi/12.3.1/thumb/v7-m/nofp\libc.a(libc_a-locale.o)
                0x1000013c                __global_locale
 .data.__malloc_sbrk_base
                0x100002a8        0x4 c:/nxp/mcuxpressoide_11.9.1_2170/ide/plugins/com.nxp.mcuxpresso.tools.win32_11.9.1.202402080819/tools/bin/../lib/gcc/arm-none-eabi/12.3.1/thumb/v7-m/nofp\libc.a(libc_a-mallocr.o)
                0x100002a8                __malloc_sbrk_base
 .data.__malloc_trim_threshold
                0x100002ac        0x4 c:/nxp/mcuxpressoide_11.9.1_2170/ide/plugins/com.nxp.mcuxpresso.tools.win32_11.9.1.202402080819/tools/bin/../lib/gcc/arm-none-eabi/12.3.1/thumb/v7-m/nofp\libc.a(libc_a-mallocr.o)
                0x100002ac                __malloc_trim_threshold
 .data.__malloc_av_
                0x100002b0      0x408 c:/nxp/mcuxpressoide_11.9.1_2170/ide/plugins/com.nxp.mcuxpresso.tools.win32_11.9.1.202402080819/tools/bin/../lib/gcc/arm-none-eabi/12.3.1/thumb/v7-m/nofp\libc.a(libc_a-mallocr.o)
                0x100002b0                __malloc_av_
                0x100006b8                        . = ALIGN (0x4)
                0x100006b8                        _edata = .
                [!provide]                        PROVIDE (__end_data_RAM = .)
                [!provide]                        PROVIDE (__end_data_RamLoc32 = .)

.igot.plt       0x100006b8        0x0 load address 0x0000b3e0
 .igot.plt      0x100006b8        0x0 ./src/timer/timer_utils.o

.bss_RAM2       0x2007c000        0x0
                [!provide]                        PROVIDE (__start_bss_RAM2 = .)
                [!provide]                        PROVIDE (__start_bss_RamAHB32 = .)
 *(.bss.$RAM2)
 *(.bss.$RamAHB32)
 *(.bss.$RAM2.*)
 *(.bss.$RamAHB32.*)
                0x2007c000                        . = ALIGN ((. != 0x0)?0x4:0x1)
                [!provide]                        PROVIDE (__end_bss_RAM2 = .)
                [!provide]                        PROVIDE (__end_bss_RamAHB32 = .)

.bss            0x100006b8      0x4fc
                0x100006b8                        _bss = .
                [!provide]                        PROVIDE (__start_bss_RAM = .)
                [!provide]                        PROVIDE (__start_bss_RamLoc32 = .)
 *(.bss*)
 .bss           0x100006b8        0x4 ./src/timer/timer_utils.o
                0x100006b8                msTicks
 .bss           0x100006bc        0x4 ./src/light_sensor/light_sensor.o
 .bss           0x100006c0      0x300 C:\Users\254860\Documents\Lib_EaBaseBoard\Debug\libLib_EaBaseBoard.a(oled.o)
 .bss           0x100009c0        0x6 C:\Users\254860\Documents\Lib_EaBaseBoard\Debug\libLib_EaBaseBoard.a(pca9532.o)
 *fill*         0x100009c6        0x2 
 .bss           0x100009c8       0x34 C:\Users\254860\Documents\Lib_MCU\Debug\libLib_MCU.a(lpc17xx_i2c.o)
 .bss.__sf      0x100009fc      0x138 c:/nxp/mcuxpressoide_11.9.1_2170/ide/plugins/com.nxp.mcuxpresso.tools.win32_11.9.1.202402080819/tools/bin/../lib/gcc/arm-none-eabi/12.3.1/thumb/v7-m/nofp\libc.a(libc_a-findfp.o)
                0x100009fc                __sf
 .bss.__stdio_exit_handler
                0x10000b34        0x4 c:/nxp/mcuxpressoide_11.9.1_2170/ide/plugins/com.nxp.mcuxpresso.tools.win32_11.9.1.202402080819/tools/bin/../lib/gcc/arm-none-eabi/12.3.1/thumb/v7-m/nofp\libc.a(libc_a-findfp.o)
                0x10000b34                __stdio_exit_handler
 .bss.errno     0x10000b38        0x4 c:/nxp/mcuxpressoide_11.9.1_2170/ide/plugins/com.nxp.mcuxpresso.tools.win32_11.9.1.202402080819/tools/bin/../lib/gcc/arm-none-eabi/12.3.1/thumb/v7-m/nofp\libc.a(libc_a-reent.o)
                0x10000b38                errno
 .bss.__lock___malloc_recursive_mutex
                0x10000b3c        0x1 c:/nxp/mcuxpressoide_11.9.1_2170/ide/plugins/com.nxp.mcuxpresso.tools.win32_11.9.1.202402080819/tools/bin/../lib/gcc/arm-none-eabi/12.3.1/thumb/v7-m/nofp\libc.a(libc_a-lock.o)
                0x10000b3c                __lock___malloc_recursive_mutex
 *fill*         0x10000b3d        0x3 
 .bss.__lock___sfp_recursive_mutex
                0x10000b40        0x1 c:/nxp/mcuxpressoide_11.9.1_2170/ide/plugins/com.nxp.mcuxpresso.tools.win32_11.9.1.202402080819/tools/bin/../lib/gcc/arm-none-eabi/12.3.1/thumb/v7-m/nofp\libc.a(libc_a-lock.o)
                0x10000b40                __lock___sfp_recursive_mutex
 *fill*         0x10000b41        0x3 
 .bss.__malloc_current_mallinfo
                0x10000b44       0x28 c:/nxp/mcuxpressoide_11.9.1_2170/ide/plugins/com.nxp.mcuxpresso.tools.win32_11.9.1.202402080819/tools/bin/../lib/gcc/arm-none-eabi/12.3.1/thumb/v7-m/nofp\libc.a(libc_a-mallocr.o)
                0x10000b44                __malloc_current_mallinfo
 .bss.__malloc_max_total_mem
                0x10000b6c        0x4 c:/nxp/mcuxpressoide_11.9.1_2170/ide/plugins/com.nxp.mcuxpresso.tools.win32_11.9.1.202402080819/tools/bin/../lib/gcc/arm-none-eabi/12.3.1/thumb/v7-m/nofp\libc.a(libc_a-mallocr.o)
                0x10000b6c                __malloc_max_total_mem
 .bss.__malloc_max_sbrked_mem
                0x10000b70        0x4 c:/nxp/mcuxpressoide_11.9.1_2170/ide/plugins/com.nxp.mcuxpresso.tools.win32_11.9.1.202402080819/tools/bin/../lib/gcc/arm-none-eabi/12.3.1/thumb/v7-m/nofp\libc.a(libc_a-mallocr.o)
                0x10000b70                __malloc_max_sbrked_mem
 .bss.__malloc_top_pad
                0x10000b74        0x4 c:/nxp/mcuxpressoide_11.9.1_2170/ide/plugins/com.nxp.mcuxpresso.tools.win32_11.9.1.202402080819/tools/bin/../lib/gcc/arm-none-eabi/12.3.1/thumb/v7-m/nofp\libc.a(libc_a-mallocr.o)
                0x10000b74                __malloc_top_pad
 .bss.__end_of_heap
                0x10000b78        0x4 c:/nxp/mcuxpressoide_11.9.1_2170/ide/plugins/com.nxp.mcuxpresso.tools.win32_11.9.1.202402080819/tools/bin/../lib/gcc/arm-none-eabi/12.3.1/../../../../arm-none-eabi/lib/thumb/v7-m/nofp\libcr_newlib_semihost.a(_cr_sbrk.o)
                0x10000b78                __end_of_heap
 .bss.initialized.0
                0x10000b7c        0x4 c:/nxp/mcuxpressoide_11.9.1_2170/ide/plugins/com.nxp.mcuxpresso.tools.win32_11.9.1.202402080819/tools/bin/../lib/gcc/arm-none-eabi/12.3.1/../../../../arm-none-eabi/lib/thumb/v7-m/nofp\libcr_newlib_semihost.a(syscalls.o)
 .bss.monitor_stderr
                0x10000b80        0x4 c:/nxp/mcuxpressoide_11.9.1_2170/ide/plugins/com.nxp.mcuxpresso.tools.win32_11.9.1.202402080819/tools/bin/../lib/gcc/arm-none-eabi/12.3.1/../../../../arm-none-eabi/lib/thumb/v7-m/nofp\libcr_newlib_semihost.a(syscalls.o)
 .bss.monitor_stdout
                0x10000b84        0x4 c:/nxp/mcuxpressoide_11.9.1_2170/ide/plugins/com.nxp.mcuxpresso.tools.win32_11.9.1.202402080819/tools/bin/../lib/gcc/arm-none-eabi/12.3.1/../../../../arm-none-eabi/lib/thumb/v7-m/nofp\libcr_newlib_semihost.a(syscalls.o)
 .bss.monitor_stdin
                0x10000b88        0x4 c:/nxp/mcuxpressoide_11.9.1_2170/ide/plugins/com.nxp.mcuxpresso.tools.win32_11.9.1.202402080819/tools/bin/../lib/gcc/arm-none-eabi/12.3.1/../../../../arm-none-eabi/lib/thumb/v7-m/nofp\libcr_newlib_semihost.a(syscalls.o)
 .bss.openfiles
                0x10000b8c       0x28 c:/nxp/mcuxpressoide_11.9.1_2170/ide/plugins/com.nxp.mcuxpresso.tools.win32_11.9.1.202402080819/tools/bin/../lib/gcc/arm-none-eabi/12.3.1/../../../../arm-none-eabi/lib/thumb/v7-m/nofp\libcr_newlib_semihost.a(syscalls.o)
 *(COMMON)
                0x10000bb4                        . = ALIGN (0x4)
                0x10000bb4                        _ebss = .
                [!provide]                        PROVIDE (__end_bss_RAM = .)
                [!provide]                        PROVIDE (__end_bss_RamLoc32 = .)
                [!provide]                        PROVIDE (end = .)

.noinit_RAM2    0x2007c000        0x0
                [!provide]                        PROVIDE (__start_noinit_RAM2 = .)
                [!provide]                        PROVIDE (__start_noinit_RamAHB32 = .)
 *(.noinit.$RAM2)
 *(.noinit.$RamAHB32)
 *(.noinit.$RAM2.*)
 *(.noinit.$RamAHB32.*)
                0x2007c000                        . = ALIGN (0x4)
                [!provide]                        PROVIDE (__end_noinit_RAM2 = .)
                [!provide]                        PROVIDE (__end_noinit_RamAHB32 = .)

.noinit         0x10000bb4        0x0
                0x10000bb4                        _noinit = .
                [!provide]                        PROVIDE (__start_noinit_RAM = .)
                [!provide]                        PROVIDE (__start_noinit_RamLoc32 = .)
 *(.noinit*)
                0x10000bb4                        . = ALIGN (0x4)
                0x10000bb4                        _end_noinit = .
                [!provide]                        PROVIDE (__end_noinit_RAM = .)
                [!provide]                        PROVIDE (__end_noinit_RamLoc32 = .)
                0x10000bb4                        PROVIDE (_pvHeapStart = DEFINED (__user_heap_base)?__user_heap_base:.)
                0x10008000                        PROVIDE (_vStackTop = DEFINED (__user_stack_top)?__user_stack_top:(__top_RamLoc32 - 0x0))
                [!provide]                        PROVIDE (__valid_user_code_checksum = (0x0 - ((((((_vStackTop + (ResetISR + 0x1)) + (NMI_Handler + 0x1)) + (HardFault_Handler + 0x1)) + (DEFINED (MemManage_Handler)?MemManage_Handler:0x0 + 0x1)) + (DEFINED (BusFault_Handler)?BusFault_Handler:0x0 + 0x1)) + (DEFINED (UsageFault_Handler)?UsageFault_Handler:0x0 + 0x1))))
                0x00000000                        _image_start = LOADADDR (.text)
                0x0000b3e0                        _image_end = (LOADADDR (.data) + SIZEOF (.data))
                0x0000b3e0                        _image_size = (_image_end - _image_start)
OUTPUT(oled_periph.axf elf32-littlearm)
LOAD linker stubs

.debug_info     0x00000000     0x9ab4
 .debug_info    0x00000000       0xc7 ./src/timer/timer_utils.o
 .debug_info    0x000000c7      0x1f7 ./src/startup/cr_startup_lpc17.o
 .debug_info    0x000002be      0x2d5 ./src/spi/spi_setup.o
 .debug_info    0x00000593      0x558 ./src/rtc_clock/rtc_clock.o
 .debug_info    0x00000aeb      0x108 ./src/light_sensor/light_sensor.o
 .debug_info    0x00000bf3      0x303 ./src/led_bar/led_bar.o
 .debug_info    0x00000ef6      0x177 ./src/eeprom_memory/eeprom_memory.o
 .debug_info    0x0000106d      0x266 ./src/audio/audio.o
 .debug_info    0x000012d3      0x957 ./src/main.o
 .debug_info    0x00001c2a      0x2fb C:\Users\254860\Documents\Lib_CMSISv1p30_LPC17xx\Debug\libCMSISv1p30_LPC17xx.a(system_LPC17xx.o)
 .debug_info    0x00001f25      0x528 C:\Users\254860\Documents\Lib_EaBaseBoard\Debug\libLib_EaBaseBoard.a(eeprom.o)
 .debug_info    0x0000244d      0x78c C:\Users\254860\Documents\Lib_EaBaseBoard\Debug\libLib_EaBaseBoard.a(light.o)
 .debug_info    0x00002bd9      0xa37 C:\Users\254860\Documents\Lib_EaBaseBoard\Debug\libLib_EaBaseBoard.a(oled.o)
 .debug_info    0x00003610      0x656 C:\Users\254860\Documents\Lib_EaBaseBoard\Debug\libLib_EaBaseBoard.a(pca9532.o)
 .debug_info    0x00003c66       0x62 C:\Users\254860\Documents\Lib_EaBaseBoard\Debug\libLib_EaBaseBoard.a(font5x7.o)
 .debug_info    0x00003cc8      0x27a C:\Users\254860\Documents\Lib_MCU\Debug\libLib_MCU.a(lpc17xx_dac.o)
 .debug_info    0x00003f42      0xdc4 C:\Users\254860\Documents\Lib_MCU\Debug\libLib_MCU.a(lpc17xx_gpio.o)
 .debug_info    0x00004d06      0xdd9 C:\Users\254860\Documents\Lib_MCU\Debug\libLib_MCU.a(lpc17xx_i2c.o)
 .debug_info    0x00005adf      0x477 C:\Users\254860\Documents\Lib_MCU\Debug\libLib_MCU.a(lpc17xx_pinsel.o)
 .debug_info    0x00005f56      0x9f5 C:\Users\254860\Documents\Lib_MCU\Debug\libLib_MCU.a(lpc17xx_rtc.o)
 .debug_info    0x0000694b      0x7a5 C:\Users\254860\Documents\Lib_MCU\Debug\libLib_MCU.a(lpc17xx_ssp.o)
 .debug_info    0x000070f0      0x985 C:\Users\254860\Documents\Lib_MCU\Debug\libLib_MCU.a(lpc17xx_timer.o)
 .debug_info    0x00007a75      0x5e0 C:\Users\254860\Documents\Lib_MCU\Debug\libLib_MCU.a(lpc17xx_clkpwr.o)
 .debug_info    0x00008055      0x13e c:/nxp/mcuxpressoide_11.9.1_2170/ide/plugins/com.nxp.mcuxpresso.tools.win32_11.9.1.202402080819/tools/bin/../lib/gcc/arm-none-eabi/12.3.1/../../../../arm-none-eabi/lib/thumb/v7-m/nofp\libcr_newlib_semihost.a(_cr_sbrk.o)
 .debug_info    0x00008193       0x86 c:/nxp/mcuxpressoide_11.9.1_2170/ide/plugins/com.nxp.mcuxpresso.tools.win32_11.9.1.202402080819/tools/bin/../lib/gcc/arm-none-eabi/12.3.1/../../../../arm-none-eabi/lib/thumb/v7-m/nofp\libcr_newlib_semihost.a(_exit.o)
 .debug_info    0x00008219      0x162 c:/nxp/mcuxpressoide_11.9.1_2170/ide/plugins/com.nxp.mcuxpresso.tools.win32_11.9.1.202402080819/tools/bin/../lib/gcc/arm-none-eabi/12.3.1/../../../../arm-none-eabi/lib/thumb/v7-m/nofp\libcr_newlib_semihost.a(_kill.o)
 .debug_info    0x0000837b     0x16c8 c:/nxp/mcuxpressoide_11.9.1_2170/ide/plugins/com.nxp.mcuxpresso.tools.win32_11.9.1.202402080819/tools/bin/../lib/gcc/arm-none-eabi/12.3.1/../../../../arm-none-eabi/lib/thumb/v7-m/nofp\libcr_newlib_semihost.a(syscalls.o)
 .debug_info    0x00009a43       0x71 c:/nxp/mcuxpressoide_11.9.1_2170/ide/plugins/com.nxp.mcuxpresso.tools.win32_11.9.1.202402080819/tools/bin/../lib/gcc/arm-none-eabi/12.3.1/../../../../arm-none-eabi/lib/thumb/v7-m/nofp\libcr_newlib_semihost.a(_cr_check_heap.o)

.debug_abbrev   0x00000000     0x2c03
 .debug_abbrev  0x00000000       0x8c ./src/timer/timer_utils.o
 .debug_abbrev  0x0000008c       0xec ./src/startup/cr_startup_lpc17.o
 .debug_abbrev  0x00000178      0x12b ./src/spi/spi_setup.o
 .debug_abbrev  0x000002a3      0x166 ./src/rtc_clock/rtc_clock.o
 .debug_abbrev  0x00000409       0xda ./src/light_sensor/light_sensor.o
 .debug_abbrev  0x000004e3      0x15a ./src/led_bar/led_bar.o
 .debug_abbrev  0x0000063d       0xec ./src/eeprom_memory/eeprom_memory.o
 .debug_abbrev  0x00000729      0x13e ./src/audio/audio.o
 .debug_abbrev  0x00000867      0x283 ./src/main.o
 .debug_abbrev  0x00000aea       0xf4 C:\Users\254860\Documents\Lib_CMSISv1p30_LPC17xx\Debug\libCMSISv1p30_LPC17xx.a(system_LPC17xx.o)
 .debug_abbrev  0x00000bde      0x1de C:\Users\254860\Documents\Lib_EaBaseBoard\Debug\libLib_EaBaseBoard.a(eeprom.o)
 .debug_abbrev  0x00000dbc      0x223 C:\Users\254860\Documents\Lib_EaBaseBoard\Debug\libLib_EaBaseBoard.a(light.o)
 .debug_abbrev  0x00000fdf      0x26c C:\Users\254860\Documents\Lib_EaBaseBoard\Debug\libLib_EaBaseBoard.a(oled.o)
 .debug_abbrev  0x0000124b      0x228 C:\Users\254860\Documents\Lib_EaBaseBoard\Debug\libLib_EaBaseBoard.a(pca9532.o)
 .debug_abbrev  0x00001473       0x4a C:\Users\254860\Documents\Lib_EaBaseBoard\Debug\libLib_EaBaseBoard.a(font5x7.o)
 .debug_abbrev  0x000014bd      0x12b C:\Users\254860\Documents\Lib_MCU\Debug\libLib_MCU.a(lpc17xx_dac.o)
 .debug_abbrev  0x000015e8      0x239 C:\Users\254860\Documents\Lib_MCU\Debug\libLib_MCU.a(lpc17xx_gpio.o)
 .debug_abbrev  0x00001821      0x2fb C:\Users\254860\Documents\Lib_MCU\Debug\libLib_MCU.a(lpc17xx_i2c.o)
 .debug_abbrev  0x00001b1c      0x164 C:\Users\254860\Documents\Lib_MCU\Debug\libLib_MCU.a(lpc17xx_pinsel.o)
 .debug_abbrev  0x00001c80      0x1ed C:\Users\254860\Documents\Lib_MCU\Debug\libLib_MCU.a(lpc17xx_rtc.o)
 .debug_abbrev  0x00001e6d      0x228 C:\Users\254860\Documents\Lib_MCU\Debug\libLib_MCU.a(lpc17xx_ssp.o)
 .debug_abbrev  0x00002095      0x273 C:\Users\254860\Documents\Lib_MCU\Debug\libLib_MCU.a(lpc17xx_timer.o)
 .debug_abbrev  0x00002308      0x1d5 C:\Users\254860\Documents\Lib_MCU\Debug\libLib_MCU.a(lpc17xx_clkpwr.o)
 .debug_abbrev  0x000024dd      0x10a c:/nxp/mcuxpressoide_11.9.1_2170/ide/plugins/com.nxp.mcuxpresso.tools.win32_11.9.1.202402080819/tools/bin/../lib/gcc/arm-none-eabi/12.3.1/../../../../arm-none-eabi/lib/thumb/v7-m/nofp\libcr_newlib_semihost.a(_cr_sbrk.o)
 .debug_abbrev  0x000025e7       0x85 c:/nxp/mcuxpressoide_11.9.1_2170/ide/plugins/com.nxp.mcuxpresso.tools.win32_11.9.1.202402080819/tools/bin/../lib/gcc/arm-none-eabi/12.3.1/../../../../arm-none-eabi/lib/thumb/v7-m/nofp\libcr_newlib_semihost.a(_exit.o)
 .debug_abbrev  0x0000266c      0x107 c:/nxp/mcuxpressoide_11.9.1_2170/ide/plugins/com.nxp.mcuxpresso.tools.win32_11.9.1.202402080819/tools/bin/../lib/gcc/arm-none-eabi/12.3.1/../../../../arm-none-eabi/lib/thumb/v7-m/nofp\libcr_newlib_semihost.a(_kill.o)
 .debug_abbrev  0x00002773      0x425 c:/nxp/mcuxpressoide_11.9.1_2170/ide/plugins/com.nxp.mcuxpresso.tools.win32_11.9.1.202402080819/tools/bin/../lib/gcc/arm-none-eabi/12.3.1/../../../../arm-none-eabi/lib/thumb/v7-m/nofp\libcr_newlib_semihost.a(syscalls.o)
 .debug_abbrev  0x00002b98       0x6b c:/nxp/mcuxpressoide_11.9.1_2170/ide/plugins/com.nxp.mcuxpresso.tools.win32_11.9.1.202402080819/tools/bin/../lib/gcc/arm-none-eabi/12.3.1/../../../../arm-none-eabi/lib/thumb/v7-m/nofp\libcr_newlib_semihost.a(_cr_check_heap.o)

.debug_aranges  0x00000000      0xa20
 .debug_aranges
                0x00000000       0x28 ./src/timer/timer_utils.o
 .debug_aranges
                0x00000028       0x70 ./src/startup/cr_startup_lpc17.o
 .debug_aranges
                0x00000098       0x20 ./src/spi/spi_setup.o
 .debug_aranges
                0x000000b8       0x28 ./src/rtc_clock/rtc_clock.o
 .debug_aranges
                0x000000e0       0x30 ./src/light_sensor/light_sensor.o
 .debug_aranges
                0x00000110       0x28 ./src/led_bar/led_bar.o
 .debug_aranges
                0x00000138       0x30 ./src/eeprom_memory/eeprom_memory.o
 .debug_aranges
                0x00000168       0x30 ./src/audio/audio.o
 .debug_aranges
                0x00000198       0x38 ./src/main.o
 .debug_aranges
                0x000001d0       0x28 C:\Users\254860\Documents\Lib_CMSISv1p30_LPC17xx\Debug\libCMSISv1p30_LPC17xx.a(system_LPC17xx.o)
 .debug_aranges
                0x000001f8       0x48 C:\Users\254860\Documents\Lib_EaBaseBoard\Debug\libLib_EaBaseBoard.a(eeprom.o)
 .debug_aranges
                0x00000240       0x98 C:\Users\254860\Documents\Lib_EaBaseBoard\Debug\libLib_EaBaseBoard.a(light.o)
 .debug_aranges
                0x000002d8       0x90 C:\Users\254860\Documents\Lib_EaBaseBoard\Debug\libLib_EaBaseBoard.a(oled.o)
 .debug_aranges
                0x00000368       0x80 C:\Users\254860\Documents\Lib_EaBaseBoard\Debug\libLib_EaBaseBoard.a(pca9532.o)
 .debug_aranges
                0x000003e8       0x18 C:\Users\254860\Documents\Lib_EaBaseBoard\Debug\libLib_EaBaseBoard.a(font5x7.o)
 .debug_aranges
                0x00000400       0x40 C:\Users\254860\Documents\Lib_MCU\Debug\libLib_MCU.a(lpc17xx_dac.o)
 .debug_aranges
                0x00000440       0xf8 C:\Users\254860\Documents\Lib_MCU\Debug\libLib_MCU.a(lpc17xx_gpio.o)
 .debug_aranges
                0x00000538       0xd0 C:\Users\254860\Documents\Lib_MCU\Debug\libLib_MCU.a(lpc17xx_i2c.o)
 .debug_aranges
                0x00000608       0x48 C:\Users\254860\Documents\Lib_MCU\Debug\libLib_MCU.a(lpc17xx_pinsel.o)
 .debug_aranges
                0x00000650       0xb8 C:\Users\254860\Documents\Lib_MCU\Debug\libLib_MCU.a(lpc17xx_rtc.o)
 .debug_aranges
                0x00000708       0xa8 C:\Users\254860\Documents\Lib_MCU\Debug\libLib_MCU.a(lpc17xx_ssp.o)
 .debug_aranges
                0x000007b0       0xa8 C:\Users\254860\Documents\Lib_MCU\Debug\libLib_MCU.a(lpc17xx_timer.o)
 .debug_aranges
                0x00000858       0x60 C:\Users\254860\Documents\Lib_MCU\Debug\libLib_MCU.a(lpc17xx_clkpwr.o)
 .debug_aranges
                0x000008b8       0x20 c:/nxp/mcuxpressoide_11.9.1_2170/ide/plugins/com.nxp.mcuxpresso.tools.win32_11.9.1.202402080819/tools/bin/../lib/gcc/arm-none-eabi/12.3.1/../../../../arm-none-eabi/lib/thumb/v7-m/nofp\libcr_newlib_semihost.a(_cr_sbrk.o)
 .debug_aranges
                0x000008d8       0x20 c:/nxp/mcuxpressoide_11.9.1_2170/ide/plugins/com.nxp.mcuxpresso.tools.win32_11.9.1.202402080819/tools/bin/../lib/gcc/arm-none-eabi/12.3.1/../../../../arm-none-eabi/lib/thumb/v7-m/nofp\libcr_newlib_semihost.a(_exit.o)
 .debug_aranges
                0x000008f8       0x20 c:/nxp/mcuxpressoide_11.9.1_2170/ide/plugins/com.nxp.mcuxpresso.tools.win32_11.9.1.202402080819/tools/bin/../lib/gcc/arm-none-eabi/12.3.1/../../../../arm-none-eabi/lib/thumb/v7-m/nofp\libcr_newlib_semihost.a(_kill.o)
 .debug_aranges
                0x00000918       0xe8 c:/nxp/mcuxpressoide_11.9.1_2170/ide/plugins/com.nxp.mcuxpresso.tools.win32_11.9.1.202402080819/tools/bin/../lib/gcc/arm-none-eabi/12.3.1/../../../../arm-none-eabi/lib/thumb/v7-m/nofp\libcr_newlib_semihost.a(syscalls.o)
 .debug_aranges
                0x00000a00       0x20 c:/nxp/mcuxpressoide_11.9.1_2170/ide/plugins/com.nxp.mcuxpresso.tools.win32_11.9.1.202402080819/tools/bin/../lib/gcc/arm-none-eabi/12.3.1/../../../../arm-none-eabi/lib/thumb/v7-m/nofp\libcr_newlib_semihost.a(_cr_check_heap.o)

.debug_ranges   0x00000000      0xa38
 .debug_ranges  0x00000000       0x18 ./src/timer/timer_utils.o
 .debug_ranges  0x00000018       0x60 ./src/startup/cr_startup_lpc17.o
 .debug_ranges  0x00000078       0x10 ./src/spi/spi_setup.o
 .debug_ranges  0x00000088       0x18 ./src/rtc_clock/rtc_clock.o
 .debug_ranges  0x000000a0       0x20 ./src/light_sensor/light_sensor.o
 .debug_ranges  0x000000c0       0x18 ./src/led_bar/led_bar.o
 .debug_ranges  0x000000d8       0x20 ./src/eeprom_memory/eeprom_memory.o
 .debug_ranges  0x000000f8       0x20 ./src/audio/audio.o
 .debug_ranges  0x00000118       0x28 ./src/main.o
 .debug_ranges  0x00000140       0x18 C:\Users\254860\Documents\Lib_CMSISv1p30_LPC17xx\Debug\libCMSISv1p30_LPC17xx.a(system_LPC17xx.o)
 .debug_ranges  0x00000158       0x38 C:\Users\254860\Documents\Lib_EaBaseBoard\Debug\libLib_EaBaseBoard.a(eeprom.o)
 .debug_ranges  0x00000190       0x88 C:\Users\254860\Documents\Lib_EaBaseBoard\Debug\libLib_EaBaseBoard.a(light.o)
 .debug_ranges  0x00000218       0x80 C:\Users\254860\Documents\Lib_EaBaseBoard\Debug\libLib_EaBaseBoard.a(oled.o)
 .debug_ranges  0x00000298       0x70 C:\Users\254860\Documents\Lib_EaBaseBoard\Debug\libLib_EaBaseBoard.a(pca9532.o)
 .debug_ranges  0x00000308       0x30 C:\Users\254860\Documents\Lib_MCU\Debug\libLib_MCU.a(lpc17xx_dac.o)
 .debug_ranges  0x00000338       0xe8 C:\Users\254860\Documents\Lib_MCU\Debug\libLib_MCU.a(lpc17xx_gpio.o)
 .debug_ranges  0x00000420       0xc0 C:\Users\254860\Documents\Lib_MCU\Debug\libLib_MCU.a(lpc17xx_i2c.o)
 .debug_ranges  0x000004e0       0x38 C:\Users\254860\Documents\Lib_MCU\Debug\libLib_MCU.a(lpc17xx_pinsel.o)
 .debug_ranges  0x00000518       0xa8 C:\Users\254860\Documents\Lib_MCU\Debug\libLib_MCU.a(lpc17xx_rtc.o)
 .debug_ranges  0x000005c0       0x98 C:\Users\254860\Documents\Lib_MCU\Debug\libLib_MCU.a(lpc17xx_ssp.o)
 .debug_ranges  0x00000658       0x98 C:\Users\254860\Documents\Lib_MCU\Debug\libLib_MCU.a(lpc17xx_timer.o)
 .debug_ranges  0x000006f0       0x50 C:\Users\254860\Documents\Lib_MCU\Debug\libLib_MCU.a(lpc17xx_clkpwr.o)
 .debug_ranges  0x00000740       0x10 c:/nxp/mcuxpressoide_11.9.1_2170/ide/plugins/com.nxp.mcuxpresso.tools.win32_11.9.1.202402080819/tools/bin/../lib/gcc/arm-none-eabi/12.3.1/../../../../arm-none-eabi/lib/thumb/v7-m/nofp\libcr_newlib_semihost.a(_cr_sbrk.o)
 .debug_ranges  0x00000750       0x10 c:/nxp/mcuxpressoide_11.9.1_2170/ide/plugins/com.nxp.mcuxpresso.tools.win32_11.9.1.202402080819/tools/bin/../lib/gcc/arm-none-eabi/12.3.1/../../../../arm-none-eabi/lib/thumb/v7-m/nofp\libcr_newlib_semihost.a(_exit.o)
 .debug_ranges  0x00000760       0x40 c:/nxp/mcuxpressoide_11.9.1_2170/ide/plugins/com.nxp.mcuxpresso.tools.win32_11.9.1.202402080819/tools/bin/../lib/gcc/arm-none-eabi/12.3.1/../../../../arm-none-eabi/lib/thumb/v7-m/nofp\libcr_newlib_semihost.a(_kill.o)
 .debug_ranges  0x000007a0      0x288 c:/nxp/mcuxpressoide_11.9.1_2170/ide/plugins/com.nxp.mcuxpresso.tools.win32_11.9.1.202402080819/tools/bin/../lib/gcc/arm-none-eabi/12.3.1/../../../../arm-none-eabi/lib/thumb/v7-m/nofp\libcr_newlib_semihost.a(syscalls.o)
 .debug_ranges  0x00000a28       0x10 c:/nxp/mcuxpressoide_11.9.1_2170/ide/plugins/com.nxp.mcuxpresso.tools.win32_11.9.1.202402080819/tools/bin/../lib/gcc/arm-none-eabi/12.3.1/../../../../arm-none-eabi/lib/thumb/v7-m/nofp\libcr_newlib_semihost.a(_cr_check_heap.o)

.debug_macro    0x00000000     0x6ea6
 .debug_macro   0x00000000       0x6d ./src/timer/timer_utils.o
 .debug_macro   0x0000006d      0xab4 ./src/timer/timer_utils.o
 .debug_macro   0x00000b21       0x22 ./src/timer/timer_utils.o
 .debug_macro   0x00000b43       0x8e ./src/timer/timer_utils.o
 .debug_macro   0x00000bd1       0x51 ./src/timer/timer_utils.o
 .debug_macro   0x00000c22      0x103 ./src/timer/timer_utils.o
 .debug_macro   0x00000d25       0x6a ./src/timer/timer_utils.o
 .debug_macro   0x00000d8f      0x1df ./src/timer/timer_utils.o
 .debug_macro   0x00000f6e       0x79 ./src/startup/cr_startup_lpc17.o
 .debug_macro   0x00000fe7       0xb4 ./src/spi/spi_setup.o
 .debug_macro   0x0000109b       0x1c ./src/spi/spi_setup.o
 .debug_macro   0x000010b7       0x22 ./src/spi/spi_setup.o
 .debug_macro   0x000010d9      0x7b7 ./src/spi/spi_setup.o
 .debug_macro   0x00001890      0x2c7 ./src/spi/spi_setup.o
 .debug_macro   0x00001b57       0x64 ./src/spi/spi_setup.o
 .debug_macro   0x00001bbb      0x140 ./src/spi/spi_setup.o
 .debug_macro   0x00001cfb      0x2a6 ./src/spi/spi_setup.o
 .debug_macro   0x00001fa1       0xab ./src/rtc_clock/rtc_clock.o
 .debug_macro   0x0000204c      0x1aa ./src/rtc_clock/rtc_clock.o
 .debug_macro   0x000021f6       0x83 ./src/light_sensor/light_sensor.o
 .debug_macro   0x00002279       0xb8 ./src/led_bar/led_bar.o
 .debug_macro   0x00002331       0xb2 ./src/led_bar/led_bar.o
 .debug_macro   0x000023e3      0x7d5 ./src/led_bar/led_bar.o
 .debug_macro   0x00002bb8      0x18c ./src/led_bar/led_bar.o
 .debug_macro   0x00002d44      0x146 ./src/led_bar/led_bar.o
 .debug_macro   0x00002e8a       0x7d ./src/eeprom_memory/eeprom_memory.o
 .debug_macro   0x00002f07       0xbd ./src/audio/audio.o
 .debug_macro   0x00002fc4       0xe7 ./src/audio/audio.o
 .debug_macro   0x000030ab       0x40 ./src/audio/audio.o
 .debug_macro   0x000030eb      0x1e2 ./src/main.o
 .debug_macro   0x000032cd       0x75 ./src/main.o
 .debug_macro   0x00003342       0x24 ./src/main.o
 .debug_macro   0x00003366       0x94 ./src/main.o
 .debug_macro   0x000033fa       0x3c ./src/main.o
 .debug_macro   0x00003436       0x34 ./src/main.o
 .debug_macro   0x0000346a       0x16 ./src/main.o
 .debug_macro   0x00003480       0x57 ./src/main.o
 .debug_macro   0x000034d7       0x9e ./src/main.o
 .debug_macro   0x00003575      0x369 ./src/main.o
 .debug_macro   0x000038de      0x10b ./src/main.o
 .debug_macro   0x000039e9       0x10 ./src/main.o
 .debug_macro   0x000039f9       0x16 ./src/main.o
 .debug_macro   0x00003a0f       0x43 ./src/main.o
 .debug_macro   0x00003a52       0x34 ./src/main.o
 .debug_macro   0x00003a86       0x10 ./src/main.o
 .debug_macro   0x00003a96       0x58 ./src/main.o
 .debug_macro   0x00003aee      0x1de ./src/main.o
 .debug_macro   0x00003ccc       0x16 ./src/main.o
 .debug_macro   0x00003ce2       0x16 ./src/main.o
 .debug_macro   0x00003cf8      0x170 ./src/main.o
 .debug_macro   0x00003e68       0x5d ./src/main.o
 .debug_macro   0x00003ec5       0x40 ./src/main.o
 .debug_macro   0x00003f05       0xed ./src/main.o
 .debug_macro   0x00003ff2       0x16 ./src/main.o
 .debug_macro   0x00004008      0x1b0 ./src/main.o
 .debug_macro   0x000041b8      0x113 C:\Users\254860\Documents\Lib_CMSISv1p30_LPC17xx\Debug\libCMSISv1p30_LPC17xx.a(system_LPC17xx.o)
 .debug_macro   0x000042cb      0xaae C:\Users\254860\Documents\Lib_CMSISv1p30_LPC17xx\Debug\libCMSISv1p30_LPC17xx.a(system_LPC17xx.o)
 .debug_macro   0x00004d79       0x10 C:\Users\254860\Documents\Lib_CMSISv1p30_LPC17xx\Debug\libCMSISv1p30_LPC17xx.a(system_LPC17xx.o)
 .debug_macro   0x00004d89      0x12e C:\Users\254860\Documents\Lib_CMSISv1p30_LPC17xx\Debug\libCMSISv1p30_LPC17xx.a(system_LPC17xx.o)
 .debug_macro   0x00004eb7      0x5b3 C:\Users\254860\Documents\Lib_CMSISv1p30_LPC17xx\Debug\libCMSISv1p30_LPC17xx.a(system_LPC17xx.o)